Archive member included because of file (symbol)

../../../libs/liblibmplmpu_m4_hardfp/liblibmplmpu.a(accel_auto_cal.o)
                              ./_debug/drv_motion.o (inv_enable_in_use_auto_calibration)
../../../libs/liblibmplmpu_m4_hardfp/liblibmplmpu.a(compass_vec_cal.o)
                              ../../../libs/liblibmplmpu_m4_hardfp/liblibmplmpu.a(accel_auto_cal.o) (inv_combine_compass_data)
../../../libs/liblibmplmpu_m4_hardfp/liblibmplmpu.a(fast_no_motion.o)
                              ../../../libs/liblibmplmpu_m4_hardfp/liblibmplmpu.a(accel_auto_cal.o) (inv_fast_nomot_parameter)
../../../libs/liblibmplmpu_m4_hardfp/liblibmplmpu.a(fusion_9axis.o)
                              ./_debug/drv_motion.o (inv_enable_9x_sensor_fusion)
../../../libs/liblibmplmpu_m4_hardfp/liblibmplmpu.a(gyro_tc.o)
                              ./_debug/drv_motion.o (inv_enable_gyro_tc)
../../../libs/liblibmplmpu_m4_hardfp/liblibmplmpu.a(heading_from_gyro.o)
                              ./_debug/drv_motion.o (inv_enable_heading_from_gyro)
../../../libs/liblibmplmpu_m4_hardfp/liblibmplmpu.a(mag_disturb.o)
                              ../../../libs/liblibmplmpu_m4_hardfp/liblibmplmpu.a(compass_vec_cal.o) (inv_set_magnetic_disturbance)
../../../libs/liblibmplmpu_m4_hardfp/liblibmplmpu.a(quaternion_supervisor.o)
                              ./_debug/drv_motion.o (inv_enable_quaternion)
../../../external/sdk13/components/toolchain/cmsis/dsp/GCC/libarm_cortexM4lf_math.a(arm_sin_f32.o)
                              ./_debug/drv_speaker.o (arm_sin_f32)
../../../external/sdk13/components/toolchain/cmsis/dsp/GCC/libarm_cortexM4lf_math.a(arm_common_tables.o)
                              ../../../external/sdk13/components/toolchain/cmsis/dsp/GCC/libarm_cortexM4lf_math.a(arm_sin_f32.o) (sinTable_f32)
../../../external/sdk13/components/nfc/t2t_lib/nfc_t2t_lib_gcc.a(nfc_t2t_lib_nfc_t2t_lib.c.o)
                              ./_debug/drv_nfc.o (nfc_t2t_setup)
/home/ece697lp/gcc-arm-none-eabi-4_9-2015q3/bin/../lib/gcc/arm-none-eabi/4.9.3/../../../../arm-none-eabi/lib/armv7e-m/fpu/libc_nano.a(lib_a-abs.o)
                              ./_debug/sx150x_led_drv_calc.o (abs)
/home/ece697lp/gcc-arm-none-eabi-4_9-2015q3/bin/../lib/gcc/arm-none-eabi/4.9.3/../../../../arm-none-eabi/lib/armv7e-m/fpu/libc_nano.a(lib_a-ctype_.o)
                              ./_debug/nrf_log_backend_serial.o (__ctype_ptr__)
/home/ece697lp/gcc-arm-none-eabi-4_9-2015q3/bin/../lib/gcc/arm-none-eabi/4.9.3/../../../../arm-none-eabi/lib/armv7e-m/fpu/libc_nano.a(lib_a-exit.o)
                              /home/ece697lp/gcc-arm-none-eabi-4_9-2015q3/bin/../lib/gcc/arm-none-eabi/4.9.3/../../../../arm-none-eabi/lib/armv7e-m/fpu/crt0.o (exit)
/home/ece697lp/gcc-arm-none-eabi-4_9-2015q3/bin/../lib/gcc/arm-none-eabi/4.9.3/../../../../arm-none-eabi/lib/armv7e-m/fpu/libc_nano.a(lib_a-impure.o)
                              /home/ece697lp/gcc-arm-none-eabi-4_9-2015q3/bin/../lib/gcc/arm-none-eabi/4.9.3/../../../../arm-none-eabi/lib/armv7e-m/fpu/libc_nano.a(lib_a-exit.o) (_global_impure_ptr)
/home/ece697lp/gcc-arm-none-eabi-4_9-2015q3/bin/../lib/gcc/arm-none-eabi/4.9.3/../../../../arm-none-eabi/lib/armv7e-m/fpu/libc_nano.a(lib_a-init.o)
                              /home/ece697lp/gcc-arm-none-eabi-4_9-2015q3/bin/../lib/gcc/arm-none-eabi/4.9.3/../../../../arm-none-eabi/lib/armv7e-m/fpu/crt0.o (__libc_init_array)
/home/ece697lp/gcc-arm-none-eabi-4_9-2015q3/bin/../lib/gcc/arm-none-eabi/4.9.3/../../../../arm-none-eabi/lib/armv7e-m/fpu/libc_nano.a(lib_a-memcmp.o)
                              ./_debug/inv_mpu.o (memcmp)
/home/ece697lp/gcc-arm-none-eabi-4_9-2015q3/bin/../lib/gcc/arm-none-eabi/4.9.3/../../../../arm-none-eabi/lib/armv7e-m/fpu/libc_nano.a(lib_a-memcpy.o)
                              ./_debug/ble_advertising.o (memcpy)
/home/ece697lp/gcc-arm-none-eabi-4_9-2015q3/bin/../lib/gcc/arm-none-eabi/4.9.3/../../../../arm-none-eabi/lib/armv7e-m/fpu/libc_nano.a(lib_a-memmove.o)
                              ./_debug/start_manager.o (memmove)
/home/ece697lp/gcc-arm-none-eabi-4_9-2015q3/bin/../lib/gcc/arm-none-eabi/4.9.3/../../../../arm-none-eabi/lib/armv7e-m/fpu/libc_nano.a(lib_a-memset.o)
                              /home/ece697lp/gcc-arm-none-eabi-4_9-2015q3/bin/../lib/gcc/arm-none-eabi/4.9.3/../../../../arm-none-eabi/lib/armv7e-m/fpu/crt0.o (memset)
/home/ece697lp/gcc-arm-none-eabi-4_9-2015q3/bin/../lib/gcc/arm-none-eabi/4.9.3/../../../../arm-none-eabi/lib/armv7e-m/fpu/libc_nano.a(lib_a-snprintf.o)
                              ./_debug/nrf_log_backend_serial.o (snprintf)
/home/ece697lp/gcc-arm-none-eabi-4_9-2015q3/bin/../lib/gcc/arm-none-eabi/4.9.3/../../../../arm-none-eabi/lib/armv7e-m/fpu/libc_nano.a(lib_a-sprintf.o)
                              ./_debug/m_ble.o (sprintf)
/home/ece697lp/gcc-arm-none-eabi-4_9-2015q3/bin/../lib/gcc/arm-none-eabi/4.9.3/../../../../arm-none-eabi/lib/armv7e-m/fpu/libc_nano.a(lib_a-strcat.o)
[...]
Memory Configuration

Name             Origin             Length             Attributes
FLASH            0x0001f000         0x00056000         xr
RAM              0x200042a0         0x0000bd60         xrw
*default*        0x00000000         0xffffffff

Linker script and memory map


.text           0x0001f000    0x41604
 *(.isr_vector)
 .isr_vector    0x0001f000      0x200 ./_debug/gcc_startup_nrf52.o
                0x0001f000                __isr_vector
 *(.text*)
 .text          0x0001f200       0x5c /home/ece697lp/gcc-arm-none-eabi-4_9-2015q3/bin/../lib/gcc/arm-none-eabi/4.9.3/armv7e-m/fpu/crtbegin.o
 .text          0x0001f25c       0x74 /home/ece697lp/gcc-arm-none-eabi-4_9-2015q3/bin/../lib/gcc/arm-none-eabi/4.9.3/../../../../arm-none-eabi/lib/armv7e-m/fpu/crt0.o
                0x0001f25c                _mainCRTStartup
                0x0001f25c                _start
 .text.sd_ble_gap_adv_start
                0x0001f2d0        0x8 ./_debug/ble_advertising.o
 .text.whitelist_has_entries
                0x0001f2d8       0x18 ./_debug/ble_advertising.o
 .text.addr_is_valid
                0x0001f2f0       0x38 ./_debug/ble_advertising.o
 .text.adv_mode_next_get
                0x0001f328       0x34 ./_debug/ble_advertising.o
 .text.on_connected
                0x0001f35c       0x28 ./_debug/ble_advertising.o
 .text.on_disconnected
                0x0001f384       0x4c ./_debug/ble_advertising.o
 .text.on_timeout
                0x0001f3d0       0x4c ./_debug/ble_advertising.o
 .text.flash_access_in_progress
                0x0001f41c       0x24 ./_debug/ble_advertising.o
 .text.adv_mode_next_avail_get
                0x0001f440       0x84 ./_debug/ble_advertising.o
 .text.set_adv_mode_directed
                0x0001f4c4       0x3c ./_debug/ble_advertising.o
 .text.set_adv_mode_directed_slow
                0x0001f500       0x48 ./_debug/ble_advertising.o
 .text.set_adv_mode_fast
                0x0001f548       0x84 ./_debug/ble_advertising.o
 .text.set_adv_mode_slow
                0x0001f5cc       0x84 ./_debug/ble_advertising.o
 .text.ble_advertising_conn_cfg_tag_set
                0x0001f650       0x20 ./_debug/ble_advertising.o
                0x0001f650                ble_advertising_conn_cfg_tag_set
 .text.ble_advertising_init
                0x0001f670      0x20c ./_debug/ble_advertising.o
                0x0001f670                ble_advertising_init
 .text.ble_advertising_start
                0x0001f87c      0x1d4 ./_debug/ble_advertising.o
                0x0001f87c                ble_advertising_start
 .text.ble_advertising_on_ble_evt
                0x0001fa50       0x38 ./_debug/ble_advertising.o
                0x0001fa50                ble_advertising_on_ble_evt
 .text.ble_advertising_on_sys_evt
                0x0001fa88       0x58 ./_debug/ble_advertising.o
                0x0001fa88                ble_advertising_on_sys_evt
 .text.sd_ble_gatts_service_add
                0x0001fae0        0x8 ./_debug/ble_bas.o
 .text.sd_ble_gatts_characteristic_add
                0x0001fae8        0x8 ./_debug/ble_bas.o
 .text.sd_ble_gatts_descriptor_add
                0x0001faf0        0x8 ./_debug/ble_bas.o
 .text.sd_ble_gatts_value_set
                0x0001faf8        0x8 ./_debug/ble_bas.o
 .text.sd_ble_gatts_hvx
                0x0001fb00        0x8 ./_debug/ble_bas.o
 .text.on_connect
                0x0001fb08       0x1c ./_debug/ble_bas.o
 .text.on_disconnect
                0x0001fb24       0x1c ./_debug/ble_bas.o
 .text.on_write
                0x0001fb40       0x64 ./_debug/ble_bas.o
 .text.ble_bas_on_ble_evt
                0x0001fba4       0x50 ./_debug/ble_bas.o
                0x0001fba4                ble_bas_on_ble_evt
 .text.battery_level_char_add
                0x0001fbf4      0x20c ./_debug/ble_bas.o
 .text.ble_bas_init
                0x0001fe00       0x74 ./_debug/ble_bas.o
                0x0001fe00                ble_bas_init
 .text.ble_bas_battery_level_update
                0x0001fe74       0xc4 ./_debug/ble_bas.o
                0x0001fe74                ble_bas_battery_level_update
 .text.NVIC_DisableIRQ
                0x0001ff38       0x34 ./_debug/ble_dfu.o
 .text.NVIC_ClearPendingIRQ
                0x0001ff6c       0x34 ./_debug/ble_dfu.o
 .text.NVIC_SystemReset
                0x0001ffa0       0x28 ./_debug/ble_dfu.o
 .text.sd_ble_gatts_service_add
                0x0001ffc8        0x8 ./_debug/ble_dfu.o
 .text.sd_ble_gatts_characteristic_add
                0x0001ffd0        0x8 ./_debug/ble_dfu.o
 .text.sd_ble_gatts_hvx
                0x0001ffd8        0x8 ./_debug/ble_dfu.o
 .text.sd_ble_gatts_rw_authorize_reply
                0x0001ffe0        0x8 ./_debug/ble_dfu.o
 .text.sd_ble_uuid_vs_add
                0x0001ffe8        0x8 ./_debug/ble_dfu.o
 .text.sd_power_gpregret_set
                0x0001fff0        0x8 ./_debug/ble_dfu.o
 .text.sd_power_gpregret_clr
                0x0001fff8        0x8 ./_debug/ble_dfu.o
 .text.sd_softdevice_disable
                0x00020000        0x8 ./_debug/ble_dfu.o
 .text.sd_softdevice_vector_table_base_set
                0x00020008        0x8 ./_debug/ble_dfu.o
 .text.interrupts_disable
                0x00020010       0x48 ./_debug/ble_dfu.o
 .text.bootloader_start
                0x00020058       0x70 ./_debug/ble_dfu.o
 .text.enter_bootloader
                0x000200c8       0x30 ./_debug/ble_dfu.o
 .text.buttonless_char_pt_add
                0x000200f8      0x170 ./_debug/ble_dfu.o
 .text.ble_dfu_init
                0x00020268       0xb0 ./_debug/ble_dfu.o
                0x00020268                ble_dfu_init
 .text.resp_send
                0x00020318       0x60 ./_debug/ble_dfu.o
 .text.on_ctrlpt_write
                0x00020378       0xa4 ./_debug/ble_dfu.o
 .text.on_rw_authorize_req
                0x0002041c       0x5c ./_debug/ble_dfu.o
 .text.on_connect
                0x00020478       0x1c ./_debug/ble_dfu.o
 .text.on_disconnect
                0x00020494       0x2c ./_debug/ble_dfu.o
 .text.on_write
                0x000204c0       0x88 ./_debug/ble_dfu.o
 .text.on_hvc   0x00020548       0x30 ./_debug/ble_dfu.o
 .text.ble_dfu_on_ble_evt
                0x00020578       0x74 ./_debug/ble_dfu.o
                0x00020578                ble_dfu_on_ble_evt
 .text.sd_ble_gap_addr_get
                0x000205ec        0x8 ./_debug/ble_advdata.o
 .text.sd_ble_gap_adv_data_set
                0x000205f4        0x8 ./_debug/ble_advdata.o
 .text.sd_ble_gap_appearance_get
                0x000205fc        0x8 ./_debug/ble_advdata.o
 .text.sd_ble_gap_device_name_get
                0x00020604        0x8 ./_debug/ble_advdata.o
 .text.sd_ble_uuid_encode
                0x0002060c        0x8 ./_debug/ble_advdata.o
 .text.uint16_encode
                0x00020614       0x30 ./_debug/ble_advdata.o
 .text.ble_device_addr_encode
                0x00020644       0xd0 ./_debug/ble_advdata.o
 .text.name_encode
                0x00020714      0x11c ./_debug/ble_advdata.o
 .text.appearance_encode
                0x00020830       0x98 ./_debug/ble_advdata.o
 .text.flags_encode
                0x000208c8       0x80 ./_debug/ble_advdata.o
 .text.tx_power_level_encode
                0x00020948       0x80 ./_debug/ble_advdata.o
 .text.uuid_list_sized_encode
                0x000209c8      0x140 ./_debug/ble_advdata.o
 .text.uuid_list_encode
                0x00020b08       0x60 ./_debug/ble_advdata.o
 .text.conn_int_check
                0x00020b68       0x84 ./_debug/ble_advdata.o
 .text.conn_int_encode
                0x00020bec       0xc0 ./_debug/ble_advdata.o
 .text.manuf_specific_data_encode
                0x00020cac       0xe4 ./_debug/ble_advdata.o
 .text.service_data_encode
                0x00020d90      0x104 ./_debug/ble_advdata.o
 .text.adv_data_encode
                0x00020e94      0x1cc ./_debug/ble_advdata.o
                0x00020e94                adv_data_encode
 .text.advdata_check
                0x00021060       0x28 ./_debug/ble_advdata.o
 .text.srdata_check
                0x00021088       0x24 ./_debug/ble_advdata.o
 .text.ble_advdata_set
                0x000210ac       0xc8 ./_debug/ble_advdata.o
                0x000210ac                ble_advdata_set
 .text.sd_ble_gap_conn_param_update
                0x00021174        0x8 ./_debug/ble_conn_params.o
 .text.sd_ble_gap_disconnect
                0x0002117c        0x8 ./_debug/ble_conn_params.o
 .text.sd_ble_gap_ppcp_set
                0x00021184        0x8 ./_debug/ble_conn_params.o
 .text.sd_ble_gap_ppcp_get
                0x0002118c        0x8 ./_debug/ble_conn_params.o
 .text.is_conn_params_ok
                0x00021194       0x38 ./_debug/ble_conn_params.o
 .text.update_timeout_handler
                0x000211cc       0xb4 ./_debug/ble_conn_params.o
 .text.ble_conn_params_init
                0x00021280       0x98 ./_debug/ble_conn_params.o
                0x00021280                ble_conn_params_init
 .text.conn_params_negotiation
                0x00021318       0xac ./_debug/ble_conn_params.o
 .text.on_connect
                0x000213c4       0x48 ./_debug/ble_conn_params.o
 .text.on_disconnect
                0x0002140c       0x4c ./_debug/ble_conn_params.o
 .text.on_write
                0x00021458       0x68 ./_debug/ble_conn_params.o
 .text.on_conn_params_update
                0x000214c0       0x24 ./_debug/ble_conn_params.o
 .text.ble_conn_params_on_ble_evt
                0x000214e4       0x4c ./_debug/ble_conn_params.o
                0x000214e4                ble_conn_params_on_ble_evt
 .text.ble_conn_params_change_conn_params
                0x00021530       0x8c ./_debug/ble_conn_params.o
                0x00021530                ble_conn_params_change_conn_params
 .text.record_activate
                0x000215bc       0x6c ./_debug/ble_conn_state.o
 .text.record_invalidate
                0x00021628       0x2c ./_debug/ble_conn_state.o
 .text.record_set_disconnected
                0x00021654       0x28 ./_debug/ble_conn_state.o
 .text.record_purge_disconnected
                0x0002167c       0x70 ./_debug/ble_conn_state.o
 .text.ble_conn_state_on_ble_evt
                0x000216ec       0xc4 ./_debug/ble_conn_state.o
                0x000216ec                ble_conn_state_on_ble_evt
 .text.uint16_decode
                0x000217b0       0x2c ./_debug/ble_srv_common.o
 .text.ble_srv_is_notification_enabled
                0x000217dc       0x2c ./_debug/ble_srv_common.o
                0x000217dc                ble_srv_is_notification_enabled
 .text.ble_srv_is_indication_enabled
                0x00021808       0x2c ./_debug/ble_srv_common.o
                0x00021808                ble_srv_is_indication_enabled
 .text.ble_srv_report_ref_encode
                0x00021834       0x60 ./_debug/ble_srv_common.o
                0x00021834                ble_srv_report_ref_encode
 .text.nrf_clock_int_enable
                0x00021894       0x1c ./_debug/nrf_drv_clock.o
 .text.nrf_clock_int_disable
                0x000218b0       0x1c ./_debug/nrf_drv_clock.o
 .text.nrf_clock_task_trigger
                0x000218cc       0x20 ./_debug/nrf_drv_clock.o
 .text.nrf_clock_event_clear
                0x000218ec       0x2c ./_debug/nrf_drv_clock.o
 .text.nrf_clock_event_check
                0x00021918       0x28 ./_debug/nrf_drv_clock.o
 .text.nrf_clock_lf_src_set
                0x00021940       0x24 ./_debug/nrf_drv_clock.o
 .text.nrf_clock_hf_is_running
                0x00021964       0x34 ./_debug/nrf_drv_clock.o
 .text.nrf_drv_common_irq_enable_check
                0x00021998       0x40 ./_debug/nrf_drv_clock.o
 .text.nrf_drv_common_power_clock_irq_init
                0x000219d8       0x20 ./_debug/nrf_drv_clock.o
 .text.sd_clock_hfclk_request
                0x000219f8        0x8 ./_debug/nrf_drv_clock.o
 .text.sd_clock_hfclk_release
                0x00021a00        0x8 ./_debug/nrf_drv_clock.o
 .text.hfclk_start
                0x00021a08       0x2c ./_debug/nrf_drv_clock.o
 .text.hfclk_stop
                0x00021a34       0x34 ./_debug/nrf_drv_clock.o
 .text.nrf_drv_clock_init
                0x00021a68       0x60 ./_debug/nrf_drv_clock.o
                0x00021a68                nrf_drv_clock_init
 .text.item_enqueue
                0x00021ac8       0x40 ./_debug/nrf_drv_clock.o
 .text.item_dequeue
                0x00021b08       0x2c ./_debug/nrf_drv_clock.o
 .text.nrf_drv_clock_hfclk_request
                0x00021b34       0x8c ./_debug/nrf_drv_clock.o
                0x00021b34                nrf_drv_clock_hfclk_request
 .text.nrf_drv_clock_hfclk_release
                0x00021bc0       0x3c ./_debug/nrf_drv_clock.o
                0x00021bc0                nrf_drv_clock_hfclk_release
 .text.clock_clk_started_notify
                0x00021bfc       0x44 ./_debug/nrf_drv_clock.o
 .text.POWER_CLOCK_IRQHandler
                0x00021c40       0x5c ./_debug/nrf_drv_clock.o
                0x00021c40                POWER_CLOCK_IRQHandler
 .text.nrf_drv_clock_on_soc_event
                0x00021c9c       0x1c ./_debug/nrf_drv_clock.o
                0x00021c9c                nrf_drv_clock_on_soc_event
 .text.nrf_drv_clock_on_sd_enable
                0x00021cb8       0x48 ./_debug/nrf_drv_clock.o
                0x00021cb8                nrf_drv_clock_on_sd_enable
 .text.NVIC_EnableIRQ
                0x00021d00       0x30 ./_debug/nrf_drv_common.o
 .text.NVIC_ClearPendingIRQ
                0x00021d30       0x34 ./_debug/nrf_drv_common.o
 .text.NVIC_SetPriority
                0x00021d64       0x54 ./_debug/nrf_drv_common.o
 .text.nrf_drv_common_irq_enable
                0x00021db8       0x38 ./_debug/nrf_drv_common.o
                0x00021db8                nrf_drv_common_irq_enable
 .text.nrf_gpiote_event_is_set
                0x00021df0       0x28 ./_debug/nrf_drv_gpiote.o
 .text.nrf_gpiote_event_clear
                0x00021e18       0x30 ./_debug/nrf_drv_gpiote.o
 .text.nrf_gpiote_event_addr_get
                0x00021e48       0x20 ./_debug/nrf_drv_gpiote.o
 .text.nrf_gpiote_int_enable
                0x00021e68       0x20 ./_debug/nrf_drv_gpiote.o
 .text.nrf_gpiote_int_disable
                0x00021e88       0x20 ./_debug/nrf_drv_gpiote.o
 .text.nrf_gpiote_int_is_enabled
                0x00021ea8       0x24 ./_debug/nrf_drv_gpiote.o
 .text.nrf_gpiote_event_enable
                0x00021ecc       0x34 ./_debug/nrf_drv_gpiote.o
 .text.nrf_gpiote_event_disable
                0x00021f00       0x34 ./_debug/nrf_drv_gpiote.o
 .text.nrf_gpiote_event_configure
                0x00021f34       0x68 ./_debug/nrf_drv_gpiote.o
 .text.nrf_gpiote_event_pin_get
                0x00021f9c       0x2c ./_debug/nrf_drv_gpiote.o
 .text.nrf_gpiote_event_polarity_get
                0x00021fc8       0x2c ./_debug/nrf_drv_gpiote.o
 .text.nrf_gpiote_te_default
                0x00021ff4       0x24 ./_debug/nrf_drv_gpiote.o
 .text.nrf_gpio_pin_port_decode
                0x00022018       0x18 ./_debug/nrf_drv_gpiote.o
 .text.nrf_gpio_cfg
                0x00022030       0x50 ./_debug/nrf_drv_gpiote.o
 .text.nrf_gpio_cfg_input
                0x00022080       0x28 ./_debug/nrf_drv_gpiote.o
 .text.nrf_gpio_cfg_default
                0x000220a8       0x24 ./_debug/nrf_drv_gpiote.o
 .text.nrf_gpio_cfg_watcher
                0x000220cc       0x38 ./_debug/nrf_drv_gpiote.o
 .text.nrf_gpio_cfg_sense_set
                0x00022104       0x58 ./_debug/nrf_drv_gpiote.o
 .text.nrf_gpio_pin_read
                0x0002215c       0x2c ./_debug/nrf_drv_gpiote.o
 .text.nrf_gpio_pin_sense_get
                0x00022188       0x30 ./_debug/nrf_drv_gpiote.o
 .text.nrf_gpio_port_in_read
                0x000221b8       0x1c ./_debug/nrf_drv_gpiote.o
 .text.nrf_gpio_ports_read
                0x000221d4       0x50 ./_debug/nrf_drv_gpiote.o
 .text.nrf_bitmask_bit_is_set
                0x00022224       0x3c ./_debug/nrf_drv_gpiote.o
 .text.nrf_bitmask_bit_set
                0x00022260       0x4c ./_debug/nrf_drv_gpiote.o
 .text.pin_in_use_by_te
                0x000222ac       0x44 ./_debug/nrf_drv_gpiote.o
 .text.pin_in_use_by_port
                0x000222f0       0x30 ./_debug/nrf_drv_gpiote.o
 .text.pin_in_use_by_gpiote
                0x00022320       0x2c ./_debug/nrf_drv_gpiote.o
 .text.pin_in_use_by_te_set
                0x0002234c       0x54 ./_debug/nrf_drv_gpiote.o
 .text.pin_in_use_clear
                0x000223a0       0x24 ./_debug/nrf_drv_gpiote.o
 .text.channel_port_get
                0x000223c4       0x24 ./_debug/nrf_drv_gpiote.o
 .text.channel_handler_get
                0x000223e8       0x20 ./_debug/nrf_drv_gpiote.o
 .text.channel_port_alloc
                0x00022408       0x74 ./_debug/nrf_drv_gpiote.o
 .text.channel_free
                0x0002247c       0x38 ./_debug/nrf_drv_gpiote.o
 .text.nrf_drv_gpiote_init
                0x000224b4       0x80 ./_debug/nrf_drv_gpiote.o
                0x000224b4                nrf_drv_gpiote_init
 .text.nrf_drv_gpiote_is_init
                0x00022534       0x24 ./_debug/nrf_drv_gpiote.o
                0x00022534                nrf_drv_gpiote_is_init
 .text.nrf_drv_gpiote_in_init
                0x00022558       0xb4 ./_debug/nrf_drv_gpiote.o
                0x00022558                nrf_drv_gpiote_in_init
 .text.nrf_drv_gpiote_in_event_enable
                0x0002260c       0xd0 ./_debug/nrf_drv_gpiote.o
                0x0002260c                nrf_drv_gpiote_in_event_enable
 .text.nrf_drv_gpiote_in_event_disable
                0x000226dc       0x50 ./_debug/nrf_drv_gpiote.o
                0x000226dc                nrf_drv_gpiote_in_event_disable
 .text.nrf_drv_gpiote_in_uninit
                0x0002272c       0x4c ./_debug/nrf_drv_gpiote.o
                0x0002272c                nrf_drv_gpiote_in_uninit
 .text.nrf_drv_gpiote_in_is_set
                0x00022778       0x24 ./_debug/nrf_drv_gpiote.o
                0x00022778                nrf_drv_gpiote_in_is_set
 .text.GPIOTE_IRQHandler
                0x0002279c      0x2e4 ./_debug/nrf_drv_gpiote.o
                0x0002279c                GPIOTE_IRQHandler
 .text.nrf_saadc_channel_input_set
                0x00022a80       0x3c ./_debug/nrf_saadc.o
 .text.nrf_saadc_channel_init
                0x00022abc       0x8c ./_debug/nrf_saadc.o
                0x00022abc                nrf_saadc_channel_init
 .text.nrf_pdm_task_trigger
                0x00022b48       0x24 ./_debug/nrf_drv_pdm.o
 .text.nrf_pdm_event_check
                0x00022b6c       0x2c ./_debug/nrf_drv_pdm.o
 .text.nrf_pdm_event_clear
                0x00022b98       0x34 ./_debug/nrf_drv_pdm.o
 .text.nrf_pdm_int_enable
                0x00022bcc       0x20 ./_debug/nrf_drv_pdm.o
 .text.nrf_pdm_enable
                0x00022bec       0x18 ./_debug/nrf_drv_pdm.o
 .text.nrf_pdm_disable
                0x00022c04       0x18 ./_debug/nrf_drv_pdm.o
 .text.nrf_pdm_mode_set
                0x00022c1c       0x34 ./_debug/nrf_drv_pdm.o
 .text.nrf_pdm_clock_set
                0x00022c50       0x20 ./_debug/nrf_drv_pdm.o
 .text.nrf_pdm_psel_connect
                0x00022c70       0x28 ./_debug/nrf_drv_pdm.o
 .text.nrf_pdm_gain_set
                0x00022c98       0x30 ./_debug/nrf_drv_pdm.o
 .text.nrf_pdm_buffer_set
                0x00022cc8       0x28 ./_debug/nrf_drv_pdm.o
 .text.nrf_pdm_buffer_get
                0x00022cf0       0x18 ./_debug/nrf_drv_pdm.o
 .text.nrf_gpio_pin_port_decode
                0x00022d08       0x18 ./_debug/nrf_drv_pdm.o
 .text.nrf_gpio_cfg
                0x00022d20       0x50 ./_debug/nrf_drv_pdm.o
 .text.nrf_gpio_cfg_output
                0x00022d70       0x24 ./_debug/nrf_drv_pdm.o
 .text.nrf_gpio_cfg_input
                0x00022d94       0x28 ./_debug/nrf_drv_pdm.o
 .text.nrf_gpio_pin_clear
                0x00022dbc       0x28 ./_debug/nrf_drv_pdm.o
 .text.nrf_gpio_port_out_clear
                0x00022de4       0x1c ./_debug/nrf_drv_pdm.o
 .text.PDM_IRQHandler
                0x00022e00       0xc4 ./_debug/nrf_drv_pdm.o
                0x00022e00                PDM_IRQHandler
 .text.nrf_drv_pdm_init
                0x00022ec4      0x10c ./_debug/nrf_drv_pdm.o
                0x00022ec4                nrf_drv_pdm_init
 .text.nrf_drv_pdm_start
                0x00022fd0       0x58 ./_debug/nrf_drv_pdm.o
                0x00022fd0                nrf_drv_pdm_start
 .text.nrf_drv_pdm_stop
                0x00023028       0x50 ./_debug/nrf_drv_pdm.o
                0x00023028                nrf_drv_pdm_stop
 .text.nrf_pwm_task_trigger
                0x00023078       0x20 ./_debug/nrf_drv_pwm.o
 .text.nrf_pwm_task_address_get
                0x00023098       0x20 ./_debug/nrf_drv_pwm.o
 .text.nrf_pwm_event_clear
                0x000230b8       0x2c ./_debug/nrf_drv_pwm.o
 .text.nrf_pwm_event_check
                0x000230e4       0x2c ./_debug/nrf_drv_pwm.o
 .text.nrf_pwm_shorts_set
                0x00023110       0x1c ./_debug/nrf_drv_pwm.o
 .text.nrf_pwm_int_set
                0x0002312c       0x1c ./_debug/nrf_drv_pwm.o
 .text.nrf_pwm_enable
                0x00023148       0x1c ./_debug/nrf_drv_pwm.o
 .text.nrf_pwm_pins_set
                0x00023164       0x3c ./_debug/nrf_drv_pwm.o
 .text.nrf_pwm_configure
                0x000231a0       0x3c ./_debug/nrf_drv_pwm.o
 .text.nrf_pwm_sequence_set
                0x000231dc       0x54 ./_debug/nrf_drv_pwm.o
 .text.nrf_pwm_seq_ptr_set
                0x00023230       0x28 ./_debug/nrf_drv_pwm.o
 .text.nrf_pwm_seq_cnt_set
                0x00023258       0x28 ./_debug/nrf_drv_pwm.o
 .text.nrf_pwm_seq_refresh_set
                0x00023280       0x28 ./_debug/nrf_drv_pwm.o
 .text.nrf_pwm_seq_end_delay_set
                0x000232a8       0x28 ./_debug/nrf_drv_pwm.o
 .text.nrf_pwm_decoder_set
                0x000232d0       0x28 ./_debug/nrf_drv_pwm.o
 .text.nrf_pwm_loop_set
                0x000232f8       0x20 ./_debug/nrf_drv_pwm.o
 .text.nrf_drv_get_IRQn
                0x00023318       0x20 ./_debug/nrf_drv_pwm.o
 .text.nrf_gpio_pin_port_decode
                0x00023338       0x18 ./_debug/nrf_drv_pwm.o
 .text.nrf_gpio_cfg
                0x00023350       0x50 ./_debug/nrf_drv_pwm.o
 .text.nrf_gpio_cfg_output
                0x000233a0       0x24 ./_debug/nrf_drv_pwm.o
 .text.nrf_gpio_pin_set
                0x000233c4       0x28 ./_debug/nrf_drv_pwm.o
 .text.nrf_gpio_pin_clear
                0x000233ec       0x28 ./_debug/nrf_drv_pwm.o
 .text.nrf_gpio_port_out_set
                0x00023414       0x1c ./_debug/nrf_drv_pwm.o
 .text.nrf_gpio_port_out_clear
                0x00023430       0x1c ./_debug/nrf_drv_pwm.o
 .text.configure_pins
                0x0002344c       0xbc ./_debug/nrf_drv_pwm.o
 .text.nrf_drv_pwm_init
                0x00023508       0xf8 ./_debug/nrf_drv_pwm.o
                0x00023508                nrf_drv_pwm_init
 .text.start_playback
                0x00023600       0xb4 ./_debug/nrf_drv_pwm.o
 .text.nrf_drv_pwm_simple_playback
                0x000236b4       0xc4 ./_debug/nrf_drv_pwm.o
                0x000236b4                nrf_drv_pwm_simple_playback
 .text.nrf_drv_pwm_complex_playback
                0x00023778       0x94 ./_debug/nrf_drv_pwm.o
                0x00023778                nrf_drv_pwm_complex_playback
 .text.nrf_drv_pwm_stop
                0x0002380c       0x54 ./_debug/nrf_drv_pwm.o
                0x0002380c                nrf_drv_pwm_stop
 .text.nrf_drv_pwm_is_stopped
                0x00023860       0x54 ./_debug/nrf_drv_pwm.o
                0x00023860                nrf_drv_pwm_is_stopped
 .text.irq_handler
                0x000238b4       0xe4 ./_debug/nrf_drv_pwm.o
 .text.PWM0_IRQHandler
                0x00023998       0x18 ./_debug/nrf_drv_pwm.o
                0x00023998                PWM0_IRQHandler
 .text.nrf_rng_int_enable
                0x000239b0       0x20 ./_debug/nrf_drv_rng.o
 .text.nrf_rng_int_disable
                0x000239d0       0x20 ./_debug/nrf_drv_rng.o
 .text.nrf_rng_int_get
                0x000239f0       0x30 ./_debug/nrf_drv_rng.o
 .text.nrf_rng_task_trigger
                0x00023a20       0x24 ./_debug/nrf_drv_rng.o
 .text.nrf_rng_event_clear
                0x00023a44       0x34 ./_debug/nrf_drv_rng.o
 .text.nrf_rng_event_get
                0x00023a78       0x2c ./_debug/nrf_drv_rng.o
 .text.nrf_rng_random_value_get
                0x00023aa4       0x1c ./_debug/nrf_drv_rng.o
 .text.sd_rand_application_bytes_available_get
                0x00023ac0        0x8 ./_debug/nrf_drv_rng.o
 .text.sd_rand_application_vector_get
                0x00023ac8        0x8 ./_debug/nrf_drv_rng.o
 .text.nrf_drv_rng_start
                0x00023ad0       0x1c ./_debug/nrf_drv_rng.o
 .text.nrf_drv_rng_stop
                0x00023aec       0x14 ./_debug/nrf_drv_rng.o
 .text.nrf_drv_rng_bytes_available
                0x00023b00       0x38 ./_debug/nrf_drv_rng.o
                0x00023b00                nrf_drv_rng_bytes_available
 .text.nrf_drv_rng_rand
                0x00023b38       0x80 ./_debug/nrf_drv_rng.o
                0x00023b38                nrf_drv_rng_rand
 .text.RNG_IRQHandler
                0x00023bb8       0x78 ./_debug/nrf_drv_rng.o
                0x00023bb8                RNG_IRQHandler
 .text.NVIC_DisableIRQ
                0x00023c30       0x34 ./_debug/nrf_drv_saadc.o
 .text.nrf_saadc_task_trigger
                0x00023c64       0x24 ./_debug/nrf_drv_saadc.o
 .text.nrf_saadc_event_check
                0x00023c88       0x2c ./_debug/nrf_drv_saadc.o
 .text.nrf_saadc_event_clear
                0x00023cb4       0x34 ./_debug/nrf_drv_saadc.o
 .text.nrf_saadc_channel_input_set
                0x00023ce8       0x3c ./_debug/nrf_drv_saadc.o
 .text.nrf_saadc_channel_limits_set
                0x00023d24       0x3c ./_debug/nrf_drv_saadc.o
 .text.nrf_saadc_int_enable
                0x00023d60       0x20 ./_debug/nrf_drv_saadc.o
 .text.nrf_saadc_int_disable
                0x00023d80       0x20 ./_debug/nrf_drv_saadc.o
 .text.nrf_saadc_limit_int_get
                0x00023da0       0x34 ./_debug/nrf_drv_saadc.o
 .text.nrf_saadc_enable
                0x00023dd4       0x18 ./_debug/nrf_drv_saadc.o
 .text.nrf_saadc_disable
                0x00023dec       0x18 ./_debug/nrf_drv_saadc.o
 .text.nrf_saadc_buffer_init
                0x00023e04       0x28 ./_debug/nrf_drv_saadc.o
 .text.nrf_saadc_resolution_set
                0x00023e2c       0x20 ./_debug/nrf_drv_saadc.o
 .text.nrf_saadc_oversample_set
                0x00023e4c       0x20 ./_debug/nrf_drv_saadc.o
 .text.nrf_drv_common_irq_disable
                0x00023e6c       0x1c ./_debug/nrf_drv_saadc.o
 .text.SAADC_IRQHandler
                0x00023e88      0x240 ./_debug/nrf_drv_saadc.o
                0x00023e88                SAADC_IRQHandler
 .text.nrf_drv_saadc_init
                0x000240c8       0xd0 ./_debug/nrf_drv_saadc.o
                0x000240c8                nrf_drv_saadc_init
 .text.nrf_drv_saadc_uninit
                0x00024198       0x8c ./_debug/nrf_drv_saadc.o
                0x00024198                nrf_drv_saadc_uninit
 .text.nrf_drv_saadc_channel_init
                0x00024224       0x94 ./_debug/nrf_drv_saadc.o
                0x00024224                nrf_drv_saadc_channel_init
 .text.nrf_drv_saadc_channel_uninit
                0x000242b8       0x88 ./_debug/nrf_drv_saadc.o
                0x000242b8                nrf_drv_saadc_channel_uninit
 .text.nrf_drv_saadc_buffer_convert
                0x00024340      0x104 ./_debug/nrf_drv_saadc.o
                0x00024340                nrf_drv_saadc_buffer_convert
 .text.nrf_drv_saadc_sample
                0x00024444       0x40 ./_debug/nrf_drv_saadc.o
                0x00024444                nrf_drv_saadc_sample
 .text.nrf_drv_saadc_calibrate_offset
                0x00024484       0x44 ./_debug/nrf_drv_saadc.o
                0x00024484                nrf_drv_saadc_calibrate_offset
 .text.nrf_drv_saadc_limits_set
                0x000244c8       0xdc ./_debug/nrf_drv_saadc.o
                0x000244c8                nrf_drv_saadc_limits_set
 .text.NVIC_DisableIRQ
                0x000245a4       0x34 ./_debug/nrf_drv_twi.o
 .text.nrf_twi_task_trigger
                0x000245d8       0x20 ./_debug/nrf_drv_twi.o
 .text.nrf_twi_event_clear
                0x000245f8       0x2c ./_debug/nrf_drv_twi.o
 .text.nrf_twi_event_check
                0x00024624       0x2c ./_debug/nrf_drv_twi.o
 .text.nrf_twi_shorts_disable
                0x00024650       0x28 ./_debug/nrf_drv_twi.o
 .text.nrf_twi_int_enable
                0x00024678       0x1c ./_debug/nrf_drv_twi.o
 .text.nrf_twi_int_disable
                0x00024694       0x1c ./_debug/nrf_drv_twi.o
 .text.nrf_twi_enable
                0x000246b0       0x1c ./_debug/nrf_drv_twi.o
 .text.nrf_twi_disable
                0x000246cc       0x1c ./_debug/nrf_drv_twi.o
 .text.nrf_twi_pins_set
                0x000246e8       0x28 ./_debug/nrf_drv_twi.o
 .text.nrf_twi_frequency_set
                0x00024710       0x1c ./_debug/nrf_drv_twi.o
 .text.nrf_twi_errorsrc_get_and_clear
                0x0002472c       0x28 ./_debug/nrf_drv_twi.o
 .text.nrf_twi_address_set
                0x00024754       0x20 ./_debug/nrf_drv_twi.o
 .text.nrf_twi_rxd_get
                0x00024774       0x1c ./_debug/nrf_drv_twi.o
 .text.nrf_twi_txd_set
                0x00024790       0x20 ./_debug/nrf_drv_twi.o
 .text.nrf_twi_shorts_set
                0x000247b0       0x1c ./_debug/nrf_drv_twi.o
 .text.nrf_drv_common_irq_disable
                0x000247cc       0x1c ./_debug/nrf_drv_twi.o
 .text.nrf_drv_get_IRQn
                0x000247e8       0x20 ./_debug/nrf_drv_twi.o
 .text.nrf_gpio_pin_port_decode
                0x00024808       0x18 ./_debug/nrf_drv_twi.o
 .text.nrf_gpio_pin_set
                0x00024820       0x28 ./_debug/nrf_drv_twi.o
 .text.nrf_gpio_pin_clear
                0x00024848       0x28 ./_debug/nrf_drv_twi.o
 .text.nrf_gpio_pin_read
                0x00024870       0x2c ./_debug/nrf_drv_twi.o
 .text.nrf_gpio_port_in_read
                0x0002489c       0x1c ./_debug/nrf_drv_twi.o
 .text.nrf_gpio_port_out_set
                0x000248b8       0x1c ./_debug/nrf_drv_twi.o
 .text.nrf_gpio_port_out_clear
                0x000248d4       0x1c ./_debug/nrf_drv_twi.o
 .text.nrf_delay_us
                0x000248f0       0xa8 ./_debug/nrf_drv_twi.o
 .text.twi_process_error
                0x00024998       0x4c ./_debug/nrf_drv_twi.o
 .text.twi_clear_bus
                0x000249e4       0xe0 ./_debug/nrf_drv_twi.o
 .text.nrf_drv_twi_init
                0x00024ac4       0xf8 ./_debug/nrf_drv_twi.o
                0x00024ac4                nrf_drv_twi_init
 .text.nrf_drv_twi_uninit
                0x00024bbc       0x90 ./_debug/nrf_drv_twi.o
                0x00024bbc                nrf_drv_twi_uninit
 .text.nrf_drv_twi_enable
                0x00024c4c       0x3c ./_debug/nrf_drv_twi.o
                0x00024c4c                nrf_drv_twi_enable
 .text.nrf_drv_twi_disable
                0x00024c88       0x50 ./_debug/nrf_drv_twi.o
                0x00024c88                nrf_drv_twi_disable
 .text.twi_send_byte
                0x00024cd8       0x60 ./_debug/nrf_drv_twi.o
 .text.twi_receive_byte
                0x00024d38       0x6c ./_debug/nrf_drv_twi.o
 .text.twi_transfer
                0x00024da4      0x170 ./_debug/nrf_drv_twi.o
 .text.twi_tx_start_transfer
                0x00024f14      0x110 ./_debug/nrf_drv_twi.o
 .text.twi_rx_start_transfer
                0x00025024      0x108 ./_debug/nrf_drv_twi.o
 .text.twi_xfer
                0x0002512c      0x114 ./_debug/nrf_drv_twi.o
 .text.nrf_drv_twi_xfer
                0x00025240       0x58 ./_debug/nrf_drv_twi.o
                0x00025240                nrf_drv_twi_xfer
 .text.nrf_drv_twi_tx
                0x00025298       0x5c ./_debug/nrf_drv_twi.o
                0x00025298                nrf_drv_twi_tx
 .text.nrf_drv_twi_rx
                0x000252f4       0x54 ./_debug/nrf_drv_twi.o
                0x000252f4                nrf_drv_twi_rx
 .text.irq_handler_twi
                0x00025348      0x13c ./_debug/nrf_drv_twi.o
 .text.SPIM0_SPIS0_TWIM0_TWIS0_SPI0_TWI0_IRQHandler
                0x00025484       0x18 ./_debug/nrf_drv_twi.o
                0x00025484                SPIM0_SPIS0_TWIM0_TWIS0_SPI0_TWI0_IRQHandler
 .text.detection_delay_timeout_handler
                0x0002549c       0xc8 ./_debug/app_button.o
 .text.gpiote_event_handler
                0x00025564       0xa0 ./_debug/app_button.o
 .text.app_button_init
                0x00025604       0xd8 ./_debug/app_button.o
                0x00025604                app_button_init
 .text.app_button_enable
                0x000256dc       0x44 ./_debug/app_button.o
                0x000256dc                app_button_enable
 .text.is_word_aligned
                0x00025720       0x24 ./_debug/fds.o
 .text.flag_set
                0x00025744       0x28 ./_debug/fds.o
 .text.flag_clear
                0x0002576c       0x30 ./_debug/fds.o
 .text.flag_is_set
                0x0002579c       0x30 ./_debug/fds.o
 .text.event_send
                0x000257cc       0x3c ./_debug/fds.o
 .text.event_prepare
                0x00025808       0xd8 ./_debug/fds.o
 .text.header_is_valid
                0x000258e0       0x34 ./_debug/fds.o
 .text.address_is_valid
                0x00025914       0x48 ./_debug/fds.o
 .text.chunk_is_aligned
                0x0002595c       0x48 ./_debug/fds.o
 .text.page_identify
                0x000259a4       0x4c ./_debug/fds.o
 .text.page_is_erased
                0x000259f0       0x40 ./_debug/fds.o
 .text.page_has_space
                0x00025a30       0x54 ./_debug/fds.o
 .text.page_from_record
                0x00025a84       0x64 ./_debug/fds.o
 .text.page_scan
                0x00025ae8       0xa0 ./_debug/fds.o
 .text.page_offsets_update
                0x00025b88       0x3c ./_debug/fds.o
 .text.page_tag_write_swap
                0x00025bc4       0x30 ./_debug/fds.o
 .text.page_tag_write_data
                0x00025bf4       0x2c ./_debug/fds.o
 .text.write_space_reserve
                0x00025c20       0x9c ./_debug/fds.o
 .text.write_space_free
                0x00025cbc       0x44 ./_debug/fds.o
 .text.record_id_new
                0x00025d00       0x20 ./_debug/fds.o
 .text.record_find_next
                0x00025d20       0x90 ./_debug/fds.o
 .text.record_find_by_desc
                0x00025db0       0xb8 ./_debug/fds.o
 .text.record_find
                0x00025e68       0xd4 ./_debug/fds.o
 .text.queue_advance
                0x00025f3c       0x74 ./_debug/fds.o
 .text.chunk_queue_next
                0x00025fb0       0x38 ./_debug/fds.o
                0x00025fb0                chunk_queue_next
 .text.chunk_queue_get_and_advance
                0x00025fe8       0x44 ./_debug/fds.o
 .text.chunk_queue_skip
                0x0002602c       0x44 ./_debug/fds.o
 .text.op_enqueue
                0x00026070       0xf0 ./_debug/fds.o
 .text.pages_init
                0x00026160      0x180 ./_debug/fds.o
 .text.record_header_write_begin
                0x000262e0       0x40 ./_debug/fds.o
 .text.record_header_write_id
                0x00026320       0x50 ./_debug/fds.o
 .text.record_header_write_finalize
                0x00026370       0x50 ./_debug/fds.o
 .text.record_header_flag_dirty
                0x000263c0       0x50 ./_debug/fds.o
 .text.record_find_and_delete
                0x00026410       0x6c ./_debug/fds.o
 .text.file_find_and_delete
                0x0002647c       0x50 ./_debug/fds.o
 .text.record_write_chunk
                0x000264cc       0x7c ./_debug/fds.o
 .text.gc_init  0x00026548       0x60 ./_debug/fds.o
 .text.gc_page_next
                0x000265a8       0x78 ./_debug/fds.o
 .text.gc_swap_erase
                0x00026620       0x34 ./_debug/fds.o
 .text.gc_page_erase
                0x00026654       0x5c ./_debug/fds.o
 .text.gc_record_copy
                0x000266b0       0x54 ./_debug/fds.o
 .text.gc_record_find_next
                0x00026704       0x38 ./_debug/fds.o
 .text.gc_swap_promote
                0x0002673c       0x2c ./_debug/fds.o
 .text.gc_tag_new_swap
                0x00026768       0x20 ./_debug/fds.o
 .text.gc_next_page
                0x00026788       0x40 ./_debug/fds.o
 .text.gc_update_swap_offset
                0x000267c8       0x34 ./_debug/fds.o
 .text.gc_swap_pages
                0x000267fc       0x5c ./_debug/fds.o
 .text.gc_state_advance
                0x00026858       0x70 ./_debug/fds.o
 .text.init_execute
                0x000268c8      0x164 ./_debug/fds.o
 .text.write_execute
                0x00026a2c      0x10c ./_debug/fds.o
 .text.delete_execute
                0x00026b38       0x64 ./_debug/fds.o
 .text.gc_execute
                0x00026b9c       0x98 ./_debug/fds.o
 .text.queue_process
                0x00026c34       0xdc ./_debug/fds.o
 .text.queue_start
                0x00026d10       0x24 ./_debug/fds.o
 .text.fs_event_handler
                0x00026d34       0x1c ./_debug/fds.o
 .text.write_enqueue
                0x00026d50      0x174 ./_debug/fds.o
 .text.fds_register
                0x00026ec4       0x4c ./_debug/fds.o
                0x00026ec4                fds_register
 .text.fds_init
                0x00026f10       0xfc ./_debug/fds.o
                0x00026f10                fds_init
 .text.fds_record_open
                0x0002700c       0x78 ./_debug/fds.o
                0x0002700c                fds_record_open
 .text.fds_record_close
                0x00027084       0x7c ./_debug/fds.o
                0x00027084                fds_record_close
 .text.fds_record_write
                0x00027100       0x20 ./_debug/fds.o
                0x00027100                fds_record_write
 .text.fds_record_update
                0x00027120       0x2c ./_debug/fds.o
                0x00027120                fds_record_update
 .text.fds_gc   0x0002714c       0x58 ./_debug/fds.o
                0x0002714c                fds_gc
 .text.fds_record_find
                0x000271a4       0x30 ./_debug/fds.o
                0x000271a4                fds_record_find
 .text.fs_flash_page_end_addr
                0x000271d4       0x30 ./_debug/fstorage.o
 .text.sd_flash_write
                0x00027204        0x8 ./_debug/fstorage.o
 .text.sd_flash_page_erase
                0x0002720c        0x8 ./_debug/fstorage.o
 .text.send_event
                0x00027214       0x74 ./_debug/fstorage.o
 .text.check_config
                0x00027288       0x38 ./_debug/fstorage.o
 .text.store_execute
                0x000272c0       0x5c ./_debug/fstorage.o
 .text.erase_execute
                0x0002731c       0x1c ./_debug/fstorage.o
 .text.queue_advance
                0x00027338       0x5c ./_debug/fstorage.o
 .text.queue_process
                0x00027394       0x8c ./_debug/fstorage.o
 .text.queue_start
                0x00027420       0x34 ./_debug/fstorage.o
 .text.on_operation_success
                0x00027454       0xac ./_debug/fstorage.o
 .text.on_operation_failure
                0x00027500       0x38 ./_debug/fstorage.o
 .text.queue_get_next_free
                0x00027538       0x90 ./_debug/fstorage.o
 .text.fs_init  0x000275c8      0x118 ./_debug/fstorage.o
                0x000275c8                fs_init
 .text.fs_store
                0x000276e0       0xd4 ./_debug/fstorage.o
                0x000276e0                fs_store
 .text.fs_erase
                0x000277b4       0xc4 ./_debug/fstorage.o
                0x000277b4                fs_erase
 .text.fs_queued_op_count_get
                0x00027878       0x30 ./_debug/fstorage.o
                0x00027878                fs_queued_op_count_get
 .text.fs_sys_event_handler
                0x000278a8       0x8c ./_debug/fstorage.o
                0x000278a8                fs_sys_event_handler
 .text.nrf_log_backend_init
                0x00027934       0x44 ./_debug/nrf_log_backend_serial.o
                0x00027934                nrf_log_backend_init
 .text.serial_is_busy
                0x00027978       0x18 ./_debug/nrf_log_backend_serial.o
 .text.serial_tx
                0x00027990       0x60 ./_debug/nrf_log_backend_serial.o
 .text.buf_len_update
                0x000279f0       0x34 ./_debug/nrf_log_backend_serial.o
 .text.timestamp_process
                0x00027a24       0x74 ./_debug/nrf_log_backend_serial.o
 .text.nrf_log_backend_serial_std_handler
                0x00027a98      0x304 ./_debug/nrf_log_backend_serial.o
 .text.byte2hex
                0x00027d9c       0x58 ./_debug/nrf_log_backend_serial.o
 .text.nrf_log_backend_serial_hexdump_handler
                0x00027df4      0x2f4 ./_debug/nrf_log_backend_serial.o
 .text.nrf_log_backend_std_handler_get
                0x000280e8       0x14 ./_debug/nrf_log_backend_serial.o
                0x000280e8                nrf_log_backend_std_handler_get
 .text.nrf_log_backend_hexdump_handler_get
                0x000280fc       0x14 ./_debug/nrf_log_backend_serial.o
                0x000280fc                nrf_log_backend_hexdump_handler_get
 .text.nrf_log_init
                0x00028110       0x38 ./_debug/nrf_log_frontend.o
                0x00028110                nrf_log_init
 .text.nrf_log_frontend_init
                0x00028148       0x1c ./_debug/nrf_log_frontend.o
                0x00028148                nrf_log_frontend_init
 .text.nrf_log_handlers_set
                0x00028164       0x24 ./_debug/nrf_log_frontend.o
                0x00028164                nrf_log_handlers_set
 .text.nrf_log_direct_feed
                0x00028188       0x38 ./_debug/nrf_log_frontend.o
 .text.nrf_log_push
                0x000281c0       0x18 ./_debug/nrf_log_frontend.o
                0x000281c0                nrf_log_push
 .text.nrf_log_frontend_std_0
                0x000281d8       0x20 ./_debug/nrf_log_frontend.o
                0x000281d8                nrf_log_frontend_std_0
 .text.nrf_log_frontend_std_1
                0x000281f8       0x2c ./_debug/nrf_log_frontend.o
                0x000281f8                nrf_log_frontend_std_1
 .text.nrf_log_frontend_std_2
                0x00028224       0x30 ./_debug/nrf_log_frontend.o
                0x00028224                nrf_log_frontend_std_2
 .text.nrf_log_frontend_std_3
                0x00028254       0x34 ./_debug/nrf_log_frontend.o
                0x00028254                nrf_log_frontend_std_3
 .text.nrf_log_frontend_std_4
                0x00028288       0x38 ./_debug/nrf_log_frontend.o
                0x00028288                nrf_log_frontend_std_4
 .text.nrf_log_frontend_std_6
                0x000282c0       0x40 ./_debug/nrf_log_frontend.o
                0x000282c0                nrf_log_frontend_std_6
 .text.nrf_queue_next_idx
                0x00028300       0x28 ./_debug/nrf_queue.o
 .text.queue_utilization_get
                0x00028328       0x44 ./_debug/nrf_queue.o
 .text.nrf_queue_is_full
                0x0002836c       0x38 ./_debug/nrf_queue.o
                0x0002836c                nrf_queue_is_full
 .text.nrf_queue_push
                0x000283a4      0x148 ./_debug/nrf_queue.o
                0x000283a4                nrf_queue_push
 .text.queue_read
                0x000284ec       0xd0 ./_debug/nrf_queue.o
 .text.nrf_queue_read
                0x000285bc       0x58 ./_debug/nrf_queue.o
                0x000285bc                nrf_queue_read
 .text.nrf_queue_utilization_get
                0x00028614       0x30 ./_debug/nrf_queue.o
                0x00028614                nrf_queue_utilization_get
 .text.is_word_aligned
                0x00028644       0x24 ./_debug/app_scheduler.o
 .text.next_index
                0x00028668       0x30 ./_debug/app_scheduler.o
 .text.app_sched_queue_full
                0x00028698       0x38 ./_debug/app_scheduler.o
 .text.app_sched_queue_empty
                0x000286d0       0x34 ./_debug/app_scheduler.o
 .text.app_sched_init
                0x00028704       0x7c ./_debug/app_scheduler.o
                0x00028704                app_sched_init
 .text.app_sched_event_put
                0x00028780       0xe4 ./_debug/app_scheduler.o
                0x00028780                app_sched_event_put
 .text.is_app_sched_paused
                0x00028864       0x10 ./_debug/app_scheduler.o
 .text.app_sched_execute
                0x00028874       0x8c ./_debug/app_scheduler.o
                0x00028874                app_sched_execute
 .text.nrf_strerror_find
                0x00028900       0x70 ./_debug/nrf_strerror.o
                0x00028900                nrf_strerror_find
 .text.NVIC_EnableIRQ
                0x00028970       0x30 ./_debug/app_timer.o
 .text.NVIC_DisableIRQ
                0x000289a0       0x34 ./_debug/app_timer.o
 .text.NVIC_SetPendingIRQ
                0x000289d4       0x34 ./_debug/app_timer.o
 .text.NVIC_ClearPendingIRQ
                0x00028a08       0x34 ./_debug/app_timer.o
 .text.NVIC_SetPriority
                0x00028a3c       0x54 ./_debug/app_timer.o
 .text.nrf_delay_us
                0x00028a90       0xa8 ./_debug/app_timer.o
 .text.rtc1_init
                0x00028b38       0x24 ./_debug/app_timer.o
 .text.rtc1_start
                0x00028b5c       0x40 ./_debug/app_timer.o
 .text.rtc1_stop
                0x00028b9c       0x50 ./_debug/app_timer.o
 .text.rtc1_counter_get
                0x00028bec       0x18 ./_debug/app_timer.o
 .text.ticks_diff_get
                0x00028c04       0x20 ./_debug/app_timer.o
 .text.rtc1_compare0_set
                0x00028c24       0x20 ./_debug/app_timer.o
 .text.timer_list_insert
                0x00028c44       0xb4 ./_debug/app_timer.o
 .text.timer_list_remove
                0x00028cf8       0xc0 ./_debug/app_timer.o
 .text.timer_timeouts_check_sched
                0x00028db8        0xc ./_debug/app_timer.o
 .text.timer_list_handler_sched
                0x00028dc4        0xc ./_debug/app_timer.o
 .text.timeout_handler_scheduled_exec
                0x00028dd0       0x48 ./_debug/app_timer.o
 .text.timeout_handler_exec
                0x00028e18       0x48 ./_debug/app_timer.o
 .text.timer_timeouts_check
                0x00028e60       0xc4 ./_debug/app_timer.o
 .text.elapsed_ticks_acquire
                0x00028f24       0x80 ./_debug/app_timer.o
 .text.expired_timers_handler
                0x00028fa4       0x9c ./_debug/app_timer.o
 .text.list_insertions_handler
                0x00029040      0x1b8 ./_debug/app_timer.o
 .text.compare_reg_update
                0x000291f8       0xb4 ./_debug/app_timer.o
 .text.timer_list_handler
                0x000292ac       0x74 ./_debug/app_timer.o
 .text.user_op_enque
                0x00029320       0x20 ./_debug/app_timer.o
 .text.user_op_alloc
                0x00029340       0x5c ./_debug/app_timer.o
 .text.timer_start_op_schedule
                0x0002939c       0x84 ./_debug/app_timer.o
 .text.timer_stop_op_schedule
                0x00029420       0x68 ./_debug/app_timer.o
 .text.RTC1_IRQHandler
                0x00029488       0x40 ./_debug/app_timer.o
                0x00029488                RTC1_IRQHandler
 .text.SWI0_EGU0_IRQHandler
                0x000294c8        0xc ./_debug/app_timer.o
                0x000294c8                SWI0_EGU0_IRQHandler
 .text.app_timer_init
                0x000294d4       0x6c ./_debug/app_timer.o
                0x000294d4                app_timer_init
 .text.app_timer_create
                0x00029540       0x68 ./_debug/app_timer.o
                0x00029540                app_timer_create
 .text.app_timer_start
                0x000295a8       0x68 ./_debug/app_timer.o
                0x000295a8                app_timer_start
 .text.app_timer_stop
                0x00029610       0x48 ./_debug/app_timer.o
                0x00029610                app_timer_stop
 .text.app_timer_cnt_get
                0x00029658       0x10 ./_debug/app_timer.o
                0x00029658                app_timer_cnt_get
 .text.app_error_handler
                0x00029668       0x30 ./_debug/app_error.o
                0x00029668                app_error_handler
 .text.app_error_save_and_stop
                0x00029698       0x98 ./_debug/app_error.o
                0x00029698                app_error_save_and_stop
 .text.NVIC_GetPriority
                0x00029730       0x50 ./_debug/app_util_platform.o
 .text.__sd_nvic_irq_disable
                0x00029780       0x20 ./_debug/app_util_platform.o
 .text.__sd_nvic_irq_enable
                0x000297a0       0x10 ./_debug/app_util_platform.o
 .text.sd_nvic_critical_region_enter
                0x000297b0       0x74 ./_debug/app_util_platform.o
 .text.sd_nvic_critical_region_exit
                0x00029824       0x50 ./_debug/app_util_platform.o
 .text.app_util_critical_region_enter
                0x00029874       0x14 ./_debug/app_util_platform.o
                0x00029874                app_util_critical_region_enter
 .text.app_util_critical_region_exit
                0x00029888       0x18 ./_debug/app_util_platform.o
                0x00029888                app_util_critical_region_exit
 .text.current_int_priority_get
                0x000298a0       0x3c ./_debug/app_util_platform.o
                0x000298a0                current_int_priority_get
 .text.sdk_mapped_flags_set_by_index
                0x000298dc       0x28 ./_debug/sdk_mapped_flags.o
 .text.sdk_mapped_flags_clear_by_index
                0x00029904       0x2c ./_debug/sdk_mapped_flags.o
 .text.sdk_mapped_flags_get_by_index
                0x00029930       0x30 ./_debug/sdk_mapped_flags.o
 .text.sdk_mapped_flags_first_key_index_get
                0x00029960       0x3c ./_debug/sdk_mapped_flags.o
                0x00029960                sdk_mapped_flags_first_key_index_get
 .text.sdk_mapped_flags_update_by_key
                0x0002999c       0x30 ./_debug/sdk_mapped_flags.o
                0x0002999c                sdk_mapped_flags_update_by_key
 .text.sdk_mapped_flags_bulk_update_by_key
                0x000299cc       0x90 ./_debug/sdk_mapped_flags.o
                0x000299cc                sdk_mapped_flags_bulk_update_by_key
 .text.sdk_mapped_flags_key_list_get
                0x00029a5c       0x70 ./_debug/sdk_mapped_flags.o
                0x00029a5c                sdk_mapped_flags_key_list_get
 .text.record_location_get
                0x00029acc       0x44 ./_debug/nfc_ndef_msg.o
 .text.nfc_ndef_msg_encode
                0x00029b10       0xb0 ./_debug/nfc_ndef_msg.o
                0x00029b10                nfc_ndef_msg_encode
 .text.nfc_ndef_msg_clear
                0x00029bc0       0x18 ./_debug/nfc_ndef_msg.o
                0x00029bc0                nfc_ndef_msg_clear
 .text.nfc_ndef_msg_record_add
                0x00029bd8       0x44 ./_debug/nfc_ndef_msg.o
                0x00029bd8                nfc_ndef_msg_record_add
 .text.uint32_big_encode
                0x00029c1c       0x24 ./_debug/nfc_ndef_record.o
 .text.record_header_size_calc
                0x00029c40       0x3c ./_debug/nfc_ndef_record.o
 .text.nfc_ndef_record_encode
                0x00029c7c      0x140 ./_debug/nfc_ndef_record.o
                0x00029c7c                nfc_ndef_record_encode
 .text.nfc_ndef_bin_payload_memcopy
                0x00029dbc       0x48 ./_debug/nfc_ndef_record.o
                0x00029dbc                nfc_ndef_bin_payload_memcopy
 .text.nfc_android_application_rec_declare
                0x00029e04       0x30 ./_debug/nfc_launchapp_rec.o
                0x00029e04                nfc_android_application_rec_declare
 .text.nfc_text_rec_payload_size_get
                0x00029e34       0x24 ./_debug/nfc_text_rec.o
 .text.nfc_text_rec_payload_constructor
                0x00029e58       0xc4 ./_debug/nfc_text_rec.o
                0x00029e58                nfc_text_rec_payload_constructor
 .text.nfc_uri_payload_constructor
                0x00029f1c       0x58 ./_debug/nfc_uri_rec.o
 .text.nfc_uri_rec_declare
                0x00029f74       0x38 ./_debug/nfc_uri_rec.o
                0x00029f74                nfc_uri_rec_declare
 .text.NVIC_EnableIRQ
                0x00029fac       0x30 ./_debug/hal_nfc_t2t.o
 .text.NVIC_ClearPendingIRQ
                0x00029fdc       0x34 ./_debug/hal_nfc_t2t.o
 .text.NVIC_SetPriority
                0x0002a010       0x54 ./_debug/hal_nfc_t2t.o
 .text.field_timer_with_callback_config
                0x0002a064       0x50 ./_debug/hal_nfc_t2t.o
 .text.TIMER4_IRQHandler
                0x0002a0b4       0x18 ./_debug/hal_nfc_t2t.o
                0x0002a0b4                TIMER4_IRQHandler
 .text.hal_nfc_common_hw_setup
                0x0002a0cc      0x134 ./_debug/hal_nfc_t2t.o
 .text.hal_nfc_setup
                0x0002a200       0x6c ./_debug/hal_nfc_t2t.o
                0x0002a200                hal_nfc_setup
 .text.nrf_nfct_event_clear
                0x0002a26c       0x20 ./_debug/hal_nfc_t2t.o
 .text.nrf_nfct_clock_event_handler
                0x0002a28c       0x28 ./_debug/hal_nfc_t2t.o
 .text.nrf_nfct_field_lost_hfclk_handle
                0x0002a2b4       0x24 ./_debug/hal_nfc_t2t.o
 .text.hal_nfc_start
                0x0002a2d8       0x30 ./_debug/hal_nfc_t2t.o
                0x0002a2d8                hal_nfc_start
 .text.hal_nfc_send
                0x0002a308       0x54 ./_debug/hal_nfc_t2t.o
                0x0002a308                hal_nfc_send
 .text.hal_nfc_stop
                0x0002a35c       0x1c ./_debug/hal_nfc_t2t.o
                0x0002a35c                hal_nfc_stop
 .text.NFCT_IRQHandler
                0x0002a378      0x228 ./_debug/hal_nfc_t2t.o
                0x0002a378                NFCT_IRQHandler
 .text.hal_nfc_field_check
                0x0002a5a0       0x84 ./_debug/hal_nfc_t2t.o
 .text.nrf_nfct_field_event_handler
                0x0002a624       0x50 ./_debug/hal_nfc_t2t.o
 .text.hal_nfc_re_setup
                0x0002a674       0x14 ./_debug/hal_nfc_t2t.o
 .text.NVIC_EnableIRQ
                0x0002a688       0x30 ./_debug/softdevice_handler.o
 .text.NVIC_DisableIRQ
                0x0002a6b8       0x34 ./_debug/softdevice_handler.o
 .text.NVIC_GetPriority
                0x0002a6ec       0x50 ./_debug/softdevice_handler.o
 .text.sd_evt_get
                0x0002a73c        0x8 ./_debug/softdevice_handler.o
 .text.sd_softdevice_enable
                0x0002a744        0x8 ./_debug/softdevice_handler.o
 .text.is_word_aligned
                0x0002a74c       0x24 ./_debug/softdevice_handler.o
 .text.sd_ble_enable
                0x0002a770        0x8 ./_debug/softdevice_handler.o
 .text.sd_ble_evt_get
                0x0002a778        0x8 ./_debug/softdevice_handler.o
 .text.__sd_nvic_app_accessible_irq
                0x0002a780       0x60 ./_debug/softdevice_handler.o
 .text.__sd_nvic_is_app_accessible_priority
                0x0002a7e0       0x3c ./_debug/softdevice_handler.o
 .text.sd_nvic_EnableIRQ
                0x0002a81c       0x88 ./_debug/softdevice_handler.o
 .text.nrf_drv_common_irq_enable_check
                0x0002a8a4       0x40 ./_debug/softdevice_handler.o
 .text.softdevice_fault_handler
                0x0002a8e4       0x1c ./_debug/softdevice_handler.o
                0x0002a8e4                softdevice_fault_handler
 .text.intern_softdevice_events_execute
                0x0002a900      0x10c ./_debug/softdevice_handler.o
                0x0002a900                intern_softdevice_events_execute
 .text.softdevice_handler_is_enabled
                0x0002aa0c       0x18 ./_debug/softdevice_handler.o
                0x0002aa0c                softdevice_handler_is_enabled
 .text.softdevice_handler_init
                0x0002aa24       0xcc ./_debug/softdevice_handler.o
                0x0002aa24                softdevice_handler_init
 .text.softdevice_ble_evt_handler_set
                0x0002aaf0       0x2c ./_debug/softdevice_handler.o
                0x0002aaf0                softdevice_ble_evt_handler_set
 .text.softdevice_sys_evt_handler_set
                0x0002ab1c       0x2c ./_debug/softdevice_handler.o
                0x0002ab1c                softdevice_sys_evt_handler_set
 .text.SWI2_EGU2_IRQHandler
                0x0002ab48       0x44 ./_debug/softdevice_handler.o
                0x0002ab48                SWI2_EGU2_IRQHandler
 .text.ram_total_size_get
                0x0002ab8c       0x18 ./_debug/softdevice_handler.o
 .text.ram_end_address_get
                0x0002aba4       0x24 ./_debug/softdevice_handler.o
 .text.softdevice_app_ram_start_get
                0x0002abc8       0x28 ./_debug/softdevice_handler.o
                0x0002abc8                softdevice_app_ram_start_get
 .text.softdevice_enable
                0x0002abf0       0x6c ./_debug/softdevice_handler.o
                0x0002abf0                softdevice_enable
 .text          0x0002ac5c       0x3c ./_debug/gcc_startup_nrf52.o
                0x0002ac5c                Reset_Handler
                0x0002ac84                NMI_Handler
                0x0002ac86                HardFault_Handler
                0x0002ac88                MemoryManagement_Handler
                0x0002ac8a                BusFault_Handler
                0x0002ac8c                UsageFault_Handler
                0x0002ac8e                SVC_Handler
                0x0002ac90                DebugMon_Handler
                0x0002ac92                PendSV_Handler
                0x0002ac94                SysTick_Handler
                0x0002ac96                TIMER2_IRQHandler
                0x0002ac96                RTC0_IRQHandler
                0x0002ac96                PWM1_IRQHandler
                0x0002ac96                RADIO_IRQHandler
                0x0002ac96                TEMP_IRQHandler
                0x0002ac96                QDEC_IRQHandler
                0x0002ac96                TIMER3_IRQHandler
                0x0002ac96                FPU_IRQHandler
                0x0002ac96                UARTE0_UART0_IRQHandler
                0x0002ac96                I2S_IRQHandler
                0x0002ac96                SWI4_EGU4_IRQHandler
                0x0002ac96                TIMER0_IRQHandler
                0x0002ac96                TIMER1_IRQHandler
                0x0002ac96                PWM2_IRQHandler
                0x0002ac96                ECB_IRQHandler
                0x0002ac96                SPIM1_SPIS1_TWIM1_TWIS1_SPI1_TWI1_IRQHandler
                0x0002ac96                Default_Handler
                0x0002ac96                CCM_AAR_IRQHandler
                0x0002ac96                WDT_IRQHandler
                0x0002ac96                SWI5_EGU5_IRQHandler
                0x0002ac96                RTC2_IRQHandler
                0x0002ac96                SWI3_EGU3_IRQHandler
                0x0002ac96                SWI1_EGU1_IRQHandler
                0x0002ac96                SPIM2_SPIS2_SPI2_IRQHandler
                0x0002ac96                MWU_IRQHandler
                0x0002ac96                COMP_LPCOMP_IRQHandler
 .text.NVIC_SystemReset
                0x0002ac98       0x28 ./_debug/system_nrf52.o
 .text.SystemCoreClockUpdate
                0x0002acc0       0x1c ./_debug/system_nrf52.o
                0x0002acc0                SystemCoreClockUpdate
 .text.SystemInit
                0x0002acdc      0x280 ./_debug/system_nrf52.o
                0x0002acdc                SystemInit
 .text.errata_12
                0x0002af5c       0x64 ./_debug/system_nrf52.o
 .text.errata_16
                0x0002afc0       0x44 ./_debug/system_nrf52.o
 .text.errata_31
                0x0002b004       0x64 ./_debug/system_nrf52.o
 .text.errata_32
                0x0002b068       0x44 ./_debug/system_nrf52.o
 .text.errata_36
                0x0002b0ac       0x64 ./_debug/system_nrf52.o
 .text.errata_37
                0x0002b110       0x44 ./_debug/system_nrf52.o
 .text.errata_57
                0x0002b154       0x44 ./_debug/system_nrf52.o
 .text.errata_66
                0x0002b198       0x44 ./_debug/system_nrf52.o
 .text.errata_108
                0x0002b1dc       0x64 ./_debug/system_nrf52.o
 .text._DoInit  0x0002b240       0x9c ./_debug/SEGGER_RTT.o
 .text._WriteBlocking
                0x0002b2dc       0xb4 ./_debug/SEGGER_RTT.o
 .text._WriteNoCheck
                0x0002b390       0x80 ./_debug/SEGGER_RTT.o
 .text._GetAvailWriteSpace
                0x0002b410       0x48 ./_debug/SEGGER_RTT.o
 .text.SEGGER_RTT_WriteNoLock
                0x0002b458       0x9c ./_debug/SEGGER_RTT.o
                0x0002b458                SEGGER_RTT_WriteNoLock
 .text.SEGGER_RTT_Write
                0x0002b4f4       0x50 ./_debug/SEGGER_RTT.o
                0x0002b4f4                SEGGER_RTT_Write
 .text.SEGGER_RTT_Init
                0x0002b544       0x18 ./_debug/SEGGER_RTT.o
                0x0002b544                SEGGER_RTT_Init
 .text.softdevice_evt_get
                0x0002b55c       0x38 ./_debug/softdevice_handler_appsh.o
                0x0002b55c                softdevice_evt_get
 .text.softdevice_evt_schedule
                0x0002b594       0x18 ./_debug/softdevice_handler_appsh.o
                0x0002b594                softdevice_evt_schedule
 .text.dvi_adpcm_encode
                0x0002b5ac      0x22c ./_debug/dvi_adpcm.o
                0x0002b5ac                dvi_adpcm_encode
 .text.nrf_delay_us
                0x0002b7d8       0xa8 ./_debug/inv_mpu.o
 .text.nrf_delay_ms
                0x0002b880       0x20 ./_debug/inv_mpu.o
 .text.set_int_enable
                0x0002b8a0       0xbc ./_debug/inv_mpu.o
 .text.mpu_init
                0x0002b95c      0x1a0 ./_debug/inv_mpu.o
                0x0002b95c                mpu_init
 .text.mpu_lp_accel_mode
                0x0002bafc      0x148 ./_debug/inv_mpu.o
                0x0002bafc                mpu_lp_accel_mode
 .text.mpu_get_accel_reg
                0x0002bc44       0x98 ./_debug/inv_mpu.o
                0x0002bc44                mpu_get_accel_reg
 .text.mpu_get_temperature
                0x0002bcdc       0xbc ./_debug/inv_mpu.o
                0x0002bcdc                mpu_get_temperature
 .text.mpu_reset_fifo
                0x0002bd98      0x234 ./_debug/inv_mpu.o
                0x0002bd98                mpu_reset_fifo
 .text.mpu_get_gyro_fsr
                0x0002bfcc       0x68 ./_debug/inv_mpu.o
                0x0002bfcc                mpu_get_gyro_fsr
 .text.mpu_set_gyro_fsr
                0x0002c034       0xa8 ./_debug/inv_mpu.o
                0x0002c034                mpu_set_gyro_fsr
 .text.mpu_get_accel_fsr
                0x0002c0dc       0x74 ./_debug/inv_mpu.o
                0x0002c0dc                mpu_get_accel_fsr
 .text.mpu_set_accel_fsr
                0x0002c150       0xd4 ./_debug/inv_mpu.o
                0x0002c150                mpu_set_accel_fsr
 .text.mpu_set_lpf
                0x0002c224       0xa0 ./_debug/inv_mpu.o
                0x0002c224                mpu_set_lpf
 .text.mpu_get_sample_rate
                0x0002c2c4       0x34 ./_debug/inv_mpu.o
                0x0002c2c4                mpu_get_sample_rate
 .text.mpu_set_sample_rate
                0x0002c2f8       0xe0 ./_debug/inv_mpu.o
                0x0002c2f8                mpu_set_sample_rate
 .text.mpu_set_compass_sample_rate
                0x0002c3d8       0x84 ./_debug/inv_mpu.o
                0x0002c3d8                mpu_set_compass_sample_rate
 .text.mpu_configure_fifo
                0x0002c45c       0xa4 ./_debug/inv_mpu.o
                0x0002c45c                mpu_configure_fifo
 .text.mpu_set_sensors
                0x0002c500      0x1d0 ./_debug/inv_mpu.o
                0x0002c500                mpu_set_sensors
 .text.mpu_read_fifo
                0x0002c6d0      0x334 ./_debug/inv_mpu.o
                0x0002c6d0                mpu_read_fifo
 .text.mpu_read_fifo_stream
                0x0002ca04      0x10c ./_debug/inv_mpu.o
                0x0002ca04                mpu_read_fifo_stream
 .text.mpu_set_bypass
                0x0002cb10      0x1a4 ./_debug/inv_mpu.o
                0x0002cb10                mpu_set_bypass
 .text.mpu_set_int_latched
                0x0002ccb4       0x8c ./_debug/inv_mpu.o
                0x0002ccb4                mpu_set_int_latched
 .text.mpu_write_mem
                0x0002cd40       0xb0 ./_debug/inv_mpu.o
                0x0002cd40                mpu_write_mem
 .text.mpu_read_mem
                0x0002cdf0       0xb0 ./_debug/inv_mpu.o
                0x0002cdf0                mpu_read_mem
 .text.mpu_load_firmware
                0x0002cea0      0x10c ./_debug/inv_mpu.o
                0x0002cea0                mpu_load_firmware
 .text.mpu_set_dmp_state
                0x0002cfac       0xac ./_debug/inv_mpu.o
                0x0002cfac                mpu_set_dmp_state
 .text.setup_compass
                0x0002d058      0x2b4 ./_debug/inv_mpu.o
 .text.mpu_get_compass_reg
                0x0002d30c      0x114 ./_debug/inv_mpu.o
                0x0002d30c                mpu_get_compass_reg
 .text.mpu_get_compass_fsr
                0x0002d420       0x24 ./_debug/inv_mpu.o
                0x0002d420                mpu_get_compass_fsr
 .text.get_ms   0x0002d444       0x28 ./_debug/inv_mpu_dmp_motion_driver.o
 .text.dmp_load_motion_driver_firmware
                0x0002d46c       0x20 ./_debug/inv_mpu_dmp_motion_driver.o
                0x0002d46c                dmp_load_motion_driver_firmware
 .text.dmp_set_orientation
                0x0002d48c      0x1d0 ./_debug/inv_mpu_dmp_motion_driver.o
                0x0002d48c                dmp_set_orientation
 .text.dmp_set_fifo_rate
                0x0002d65c       0x94 ./_debug/inv_mpu_dmp_motion_driver.o
                0x0002d65c                dmp_set_fifo_rate
 .text.dmp_set_tap_thresh
                0x0002d6f0      0x27c ./_debug/inv_mpu_dmp_motion_driver.o
                0x0002d6f0                dmp_set_tap_thresh
 .text.dmp_set_tap_axes
                0x0002d96c       0x64 ./_debug/inv_mpu_dmp_motion_driver.o
                0x0002d96c                dmp_set_tap_axes
 .text.dmp_set_tap_count
                0x0002d9d0       0x44 ./_debug/inv_mpu_dmp_motion_driver.o
                0x0002d9d0                dmp_set_tap_count
 .text.dmp_set_tap_time
                0x0002da14       0x44 ./_debug/inv_mpu_dmp_motion_driver.o
                0x0002da14                dmp_set_tap_time
 .text.dmp_set_tap_time_multi
                0x0002da58       0x44 ./_debug/inv_mpu_dmp_motion_driver.o
                0x0002da58                dmp_set_tap_time_multi
 .text.dmp_set_shake_reject_thresh
                0x0002da9c       0x60 ./_debug/inv_mpu_dmp_motion_driver.o
                0x0002da9c                dmp_set_shake_reject_thresh
 .text.dmp_set_shake_reject_time
                0x0002dafc       0x44 ./_debug/inv_mpu_dmp_motion_driver.o
                0x0002dafc                dmp_set_shake_reject_time
 .text.dmp_set_shake_reject_timeout
                0x0002db40       0x44 ./_debug/inv_mpu_dmp_motion_driver.o
                0x0002db40                dmp_set_shake_reject_timeout
 .text.dmp_get_pedometer_step_count
                0x0002db84       0x54 ./_debug/inv_mpu_dmp_motion_driver.o
                0x0002db84                dmp_get_pedometer_step_count
 .text.dmp_get_pedometer_walk_time
                0x0002dbd8       0x5c ./_debug/inv_mpu_dmp_motion_driver.o
                0x0002dbd8                dmp_get_pedometer_walk_time
 .text.dmp_enable_feature
                0x0002dc34      0x250 ./_debug/inv_mpu_dmp_motion_driver.o
                0x0002dc34                dmp_enable_feature
 .text.dmp_enable_gyro_cal
                0x0002de84       0x68 ./_debug/inv_mpu_dmp_motion_driver.o
                0x0002de84                dmp_enable_gyro_cal
 .text.dmp_enable_lp_quat
                0x0002deec       0x50 ./_debug/inv_mpu_dmp_motion_driver.o
                0x0002deec                dmp_enable_lp_quat
 .text.dmp_enable_6x_lp_quat
                0x0002df3c       0x50 ./_debug/inv_mpu_dmp_motion_driver.o
                0x0002df3c                dmp_enable_6x_lp_quat
 .text.decode_gesture
                0x0002df8c       0x88 ./_debug/inv_mpu_dmp_motion_driver.o
 .text.dmp_read_fifo
                0x0002e014      0x2e4 ./_debug/inv_mpu_dmp_motion_driver.o
                0x0002e014                dmp_read_fifo
 .text.dmp_register_tap_cb
                0x0002e2f8       0x20 ./_debug/inv_mpu_dmp_motion_driver.o
                0x0002e2f8                dmp_register_tap_cb
 .text.dmp_register_android_orient_cb
                0x0002e318       0x20 ./_debug/inv_mpu_dmp_motion_driver.o
                0x0002e318                dmp_register_android_orient_cb
 .text._MLPrintLog
                0x0002e338      0x108 ./_debug/log_nrf52.o
                0x0002e338                _MLPrintLog
 .text.inv_get_sensor_type_accel
                0x0002e440       0x34 ./_debug/eMPL_outputs.o
                0x0002e440                inv_get_sensor_type_accel
 .text.inv_get_sensor_type_gyro
                0x0002e474       0x34 ./_debug/eMPL_outputs.o
                0x0002e474                inv_get_sensor_type_gyro
 .text.inv_get_sensor_type_compass
                0x0002e4a8       0x34 ./_debug/eMPL_outputs.o
                0x0002e4a8                inv_get_sensor_type_compass
 .text.inv_get_sensor_type_quat
                0x0002e4dc       0x38 ./_debug/eMPL_outputs.o
                0x0002e4dc                inv_get_sensor_type_quat
 .text.inv_get_sensor_type_heading
                0x0002e514      0x108 ./_debug/eMPL_outputs.o
                0x0002e514                inv_get_sensor_type_heading
 .text.inv_get_sensor_type_euler
                0x0002e61c      0x304 ./_debug/eMPL_outputs.o
                0x0002e61c                inv_get_sensor_type_euler
 .text.inv_get_sensor_type_rot_mat
                0x0002e920       0x38 ./_debug/eMPL_outputs.o
                0x0002e920                inv_get_sensor_type_rot_mat
 .text.inv_generate_eMPL_outputs
                0x0002e958      0x168 ./_debug/eMPL_outputs.o
 .text.inv_start_eMPL_outputs
                0x0002eac0       0x1c ./_debug/eMPL_outputs.o
 .text.inv_init_eMPL_outputs
                0x0002eadc       0x18 ./_debug/eMPL_outputs.o
 .text.inv_enable_eMPL_outputs
                0x0002eaf4       0x2c ./_debug/eMPL_outputs.o
                0x0002eaf4                inv_enable_eMPL_outputs
 .text.inv_db_load_func
                0x0002eb20       0x58 ./_debug/data_builder.o
 .text.inv_db_save_func
                0x0002eb78       0x20 ./_debug/data_builder.o
 .text.inv_init_data_builder
                0x0002eb98       0x44 ./_debug/data_builder.o
                0x0002eb98                inv_init_data_builder
 .text.set_sensor_orientation_and_scale
                0x0002ebdc       0x24 ./_debug/data_builder.o
                0x0002ebdc                set_sensor_orientation_and_scale
 .text.inv_set_gyro_orientation_and_scale
                0x0002ec00       0x20 ./_debug/data_builder.o
                0x0002ec00                inv_set_gyro_orientation_and_scale
 .text.inv_set_gyro_sample_rate
                0x0002ec20       0x4c ./_debug/data_builder.o
                0x0002ec20                inv_set_gyro_sample_rate
 .text.inv_set_accel_sample_rate
                0x0002ec6c       0x50 ./_debug/data_builder.o
                0x0002ec6c                inv_set_accel_sample_rate
 .text.inv_set_compass_sample_rate
                0x0002ecbc       0x54 ./_debug/data_builder.o
                0x0002ecbc                inv_set_compass_sample_rate
 .text.inv_get_compass_on
                0x0002ed10       0x28 ./_debug/data_builder.o
                0x0002ed10                inv_get_compass_on
 .text.inv_get_gyro_on
                0x0002ed38       0x24 ./_debug/data_builder.o
                0x0002ed38                inv_get_gyro_on
 .text.inv_get_accel_on
                0x0002ed5c       0x24 ./_debug/data_builder.o
                0x0002ed5c                inv_get_accel_on
 .text.inv_get_last_timestamp
                0x0002ed80       0x90 ./_debug/data_builder.o
                0x0002ed80                inv_get_last_timestamp
 .text.inv_set_accel_orientation_and_scale
                0x0002ee10       0x20 ./_debug/data_builder.o
                0x0002ee10                inv_set_accel_orientation_and_scale
 .text.inv_set_compass_orientation_and_scale
                0x0002ee30       0x20 ./_debug/data_builder.o
                0x0002ee30                inv_set_compass_orientation_and_scale
 .text.inv_apply_calibration
                0x0002ee50       0x94 ./_debug/data_builder.o
                0x0002ee50                inv_apply_calibration
 .text.inv_get_compass_bias
                0x0002eee4       0x24 ./_debug/data_builder.o
                0x0002eee4                inv_get_compass_bias
 .text.inv_set_compass_bias
                0x0002ef08       0x5c ./_debug/data_builder.o
                0x0002ef08                inv_set_compass_bias
 .text.inv_set_compass_disturbance
                0x0002ef64       0x20 ./_debug/data_builder.o
                0x0002ef64                inv_set_compass_disturbance
 .text.inv_set_accel_accuracy
                0x0002ef84       0x30 ./_debug/data_builder.o
                0x0002ef84                inv_set_accel_accuracy
 .text.inv_set_accel_bias_mask
                0x0002efb4       0x84 ./_debug/data_builder.o
                0x0002efb4                inv_set_accel_bias_mask
 .text.inv_set_gyro_bias
                0x0002f038       0x88 ./_debug/data_builder.o
                0x0002f038                inv_set_gyro_bias
 .text.inv_get_gyro_bias_tc_set
                0x0002f0c0       0x34 ./_debug/data_builder.o
                0x0002f0c0                inv_get_gyro_bias_tc_set
 .text.inv_get_gyro_bias
                0x0002f0f4       0x38 ./_debug/data_builder.o
                0x0002f0f4                inv_get_gyro_bias
 .text.inv_get_accel_bias
                0x0002f12c       0x38 ./_debug/data_builder.o
                0x0002f12c                inv_get_accel_bias
 .text.inv_build_accel
                0x0002f164       0xc4 ./_debug/data_builder.o
                0x0002f164                inv_build_accel
 .text.inv_build_gyro
                0x0002f228       0x4c ./_debug/data_builder.o
                0x0002f228                inv_build_gyro
 .text.inv_build_compass
                0x0002f274       0xe4 ./_debug/data_builder.o
                0x0002f274                inv_build_compass
 .text.inv_build_temp
                0x0002f358       0x48 ./_debug/data_builder.o
                0x0002f358                inv_build_temp
 .text.inv_build_quat
                0x0002f3a0       0x54 ./_debug/data_builder.o
                0x0002f3a0                inv_build_quat
 .text.inv_register_data_cb
                0x0002f3f4      0x144 ./_debug/data_builder.o
                0x0002f3f4                inv_register_data_cb
 .text.inv_unregister_data_cb
                0x0002f538       0x94 ./_debug/data_builder.o
                0x0002f538                inv_unregister_data_cb
 .text.inv_execute_on_data
                0x0002f5cc       0xe4 ./_debug/data_builder.o
                0x0002f5cc                inv_execute_on_data
 .text.inv_set_contiguous
                0x0002f6b0      0x130 ./_debug/data_builder.o
 .text.inv_get_accel_set
                0x0002f7e0       0x48 ./_debug/data_builder.o
                0x0002f7e0                inv_get_accel_set
 .text.inv_get_gyro_set
                0x0002f828       0x44 ./_debug/data_builder.o
                0x0002f828                inv_get_gyro_set
 .text.inv_get_gyro
                0x0002f86c       0x1c ./_debug/data_builder.o
                0x0002f86c                inv_get_gyro
 .text.inv_get_compass_set
                0x0002f888       0x5c ./_debug/data_builder.o
                0x0002f888                inv_get_compass_set
 .text.inv_get_gyro_accuracy
                0x0002f8e4       0x18 ./_debug/data_builder.o
                0x0002f8e4                inv_get_gyro_accuracy
 .text.inv_get_mag_accuracy
                0x0002f8fc       0x2c ./_debug/data_builder.o
                0x0002f8fc                inv_get_mag_accuracy
 .text.inv_get_accel_accuracy
                0x0002f928       0x18 ./_debug/data_builder.o
                0x0002f928                inv_get_accel_accuracy
 .text.inv_get_compass_soft_iron_output_data
                0x0002f940       0x40 ./_debug/data_builder.o
                0x0002f940                inv_get_compass_soft_iron_output_data
 .text.inv_set_compass_soft_iron_input_data
                0x0002f980       0x80 ./_debug/data_builder.o
                0x0002f980                inv_set_compass_soft_iron_input_data
 .text.inv_reset_compass_soft_iron_matrix
                0x0002fa00       0x78 ./_debug/data_builder.o
                0x0002fa00                inv_reset_compass_soft_iron_matrix
 .text.inv_disable_compass_soft_iron_matrix
                0x0002fa78       0x18 ./_debug/data_builder.o
                0x0002fa78                inv_disable_compass_soft_iron_matrix
 .text.inv_get_sensor_type_gravity
                0x0002fa90       0x8c ./_debug/hal_outputs.o
                0x0002fa90                inv_get_sensor_type_gravity
 .text.inv_set_message
                0x0002fb1c       0x3c ./_debug/message_layer.o
                0x0002fb1c                inv_set_message
 .text.inv_q30_to_float
                0x0002fb58       0x2c ./_debug/ml_math_func.o
 .text.inv_compass_angle
                0x0002fb84      0x128 ./_debug/ml_math_func.o
                0x0002fb84                inv_compass_angle
 .text.inv_get_gyro_sum_of_sqr
                0x0002fcac       0x4c ./_debug/ml_math_func.o
                0x0002fcac                inv_get_gyro_sum_of_sqr
 .text.inv_q29_mult
                0x0002fcf8       0x50 ./_debug/ml_math_func.o
                0x0002fcf8                inv_q29_mult
 .text.inv_q30_mult
                0x0002fd48       0x50 ./_debug/ml_math_func.o
                0x0002fd48                inv_q30_mult
 .text.inv_q_mult
                0x0002fd98      0x194 ./_debug/ml_math_func.o
                0x0002fd98                inv_q_mult
 .text.inv_q_add
                0x0002ff2c       0x60 ./_debug/ml_math_func.o
                0x0002ff2c                inv_q_add
 .text.inv_q_invert
                0x0002ff8c       0x48 ./_debug/ml_math_func.o
                0x0002ff8c                inv_q_invert
 .text.inv_q_rotate
                0x0002ffd4       0x6c ./_debug/ml_math_func.o
                0x0002ffd4                inv_q_rotate
 .text.inv_q_multf
                0x00030040      0x194 ./_debug/ml_math_func.o
                0x00030040                inv_q_multf
 .text.inv_q_addf
                0x000301d4       0x80 ./_debug/ml_math_func.o
                0x000301d4                inv_q_addf
 .text.inv_q_normalizef
                0x00030254      0x220 ./_debug/ml_math_func.o
                0x00030254                inv_q_normalizef
 .text.inv_q_norm4
                0x00030474      0x104 ./_debug/ml_math_func.o
                0x00030474                inv_q_norm4
 .text.inv_q_invertf
                0x00030578       0x58 ./_debug/ml_math_func.o
                0x00030578                inv_q_invertf
 .text.inv_quaternion_to_rotation
                0x000305d0      0x1e4 ./_debug/ml_math_func.o
                0x000305d0                inv_quaternion_to_rotation
 .text.inv_row_2_scale
                0x000307b4       0x84 ./_debug/ml_math_func.o
 .text.inv_orientation_matrix_to_scalar
                0x00030838       0x4c ./_debug/ml_math_func.o
                0x00030838                inv_orientation_matrix_to_scalar
 .text.inv_convert_to_body_with_scale
                0x00030884       0xbc ./_debug/ml_math_func.o
                0x00030884                inv_convert_to_body_with_scale
 .text.mlMatrixVectorMult
                0x00030940       0x74 ./_debug/ml_math_func.o
                0x00030940                mlMatrixVectorMult
 .text.__print_result_location
                0x000309b4       0x30 ./_debug/mpl.o
 .text.inv_init_mpl
                0x000309e4       0x84 ./_debug/mpl.o
                0x000309e4                inv_init_mpl
 .text.inv_start_mpl
                0x00030a68       0x38 ./_debug/mpl.o
                0x00030a68                inv_start_mpl
 .text.inv_store_gaming_quaternion
                0x00030aa0       0x34 ./_debug/results_holder.o
                0x00030aa0                inv_store_gaming_quaternion
 .text.inv_set_compass_correction
                0x00030ad4       0x34 ./_debug/results_holder.o
                0x00030ad4                inv_set_compass_correction
 .text.inv_get_compass_correction
                0x00030b08       0x2c ./_debug/results_holder.o
                0x00030b08                inv_get_compass_correction
 .text.inv_get_large_mag_field
                0x00030b34       0x18 ./_debug/results_holder.o
                0x00030b34                inv_get_large_mag_field
 .text.inv_get_acc_state
                0x00030b4c       0x18 ./_debug/results_holder.o
                0x00030b4c                inv_get_acc_state
 .text.inv_get_motion_state
                0x00030b64       0x28 ./_debug/results_holder.o
                0x00030b64                inv_get_motion_state
 .text.inv_set_motion_state
                0x00030b8c       0x64 ./_debug/results_holder.o
                0x00030b8c                inv_set_motion_state
 .text.inv_get_local_field
                0x00030bf0       0x1c ./_debug/results_holder.o
                0x00030bf0                inv_get_local_field
 .text.inv_get_gravity
                0x00030c0c       0xa0 ./_debug/results_holder.o
                0x00030c0c                inv_get_gravity
 .text.inv_get_6axis_quaternion
                0x00030cac       0x20 ./_debug/results_holder.o
                0x00030cac                inv_get_6axis_quaternion
 .text.inv_get_quaternion
                0x00030ccc       0x4c ./_debug/results_holder.o
                0x00030ccc                inv_get_quaternion
 .text.inv_get_quaternion_set
                0x00030d18       0x6c ./_debug/results_holder.o
                0x00030d18                inv_get_quaternion_set
 .text.inv_generate_results
                0x00030d84       0x24 ./_debug/results_holder.o
                0x00030d84                inv_generate_results
 .text.inv_start_results_holder
                0x00030da8       0x1c ./_debug/results_holder.o
                0x00030da8                inv_start_results_holder
 .text.inv_init_results_holder
                0x00030dc4       0x54 ./_debug/results_holder.o
                0x00030dc4                inv_init_results_holder
 .text.inv_enable_results_holder
                0x00030e18       0x2c ./_debug/results_holder.o
                0x00030e18                inv_enable_results_holder
 .text.inv_set_accel_bias_found
                0x00030e44       0x1c ./_debug/results_holder.o
                0x00030e44                inv_set_accel_bias_found
 .text.inv_got_compass_bias
                0x00030e60       0x18 ./_debug/results_holder.o
                0x00030e60                inv_got_compass_bias
 .text.inv_set_compass_bias_found
                0x00030e78       0x1c ./_debug/results_holder.o
                0x00030e78                inv_set_compass_bias_found
 .text.inv_set_compass_state
                0x00030e94       0x1c ./_debug/results_holder.o
                0x00030e94                inv_set_compass_state
 .text.inv_get_compass_state
                0x00030eb0       0x18 ./_debug/results_holder.o
                0x00030eb0                inv_get_compass_state
 .text.inv_set_compass_bias_error
                0x00030ec8       0x1c ./_debug/results_holder.o
                0x00030ec8                inv_set_compass_bias_error
 .text.inv_get_compass_bias_error
                0x00030ee4       0x1c ./_debug/results_holder.o
                0x00030ee4                inv_get_compass_bias_error
 .text.inv_get_linear_accel
                0x00030f00       0x64 ./_debug/results_holder.o
                0x00030f00                inv_get_linear_accel
 .text.inv_get_linear_accel_float
                0x00030f64       0x6c ./_debug/results_holder.o
                0x00030f64                inv_get_linear_accel_float
 .text.inv_init_start_manager
                0x00030fd0       0x18 ./_debug/start_manager.o
                0x00030fd0                inv_init_start_manager
 .text.inv_unregister_mpl_start_notification
                0x00030fe8       0x80 ./_debug/start_manager.o
                0x00030fe8                inv_unregister_mpl_start_notification
 .text.inv_register_mpl_start_notification
                0x00031068       0x40 ./_debug/start_manager.o
                0x00031068                inv_register_mpl_start_notification
 .text.inv_execute_mpl_start_notification
                0x000310a8       0x4c ./_debug/start_manager.o
                0x000310a8                inv_execute_mpl_start_notification
 .text.inv_init_storage_manager
                0x000310f4       0x1c ./_debug/storage_manager.o
                0x000310f4                inv_init_storage_manager
 .text.inv_register_load_store
                0x00031110       0xc0 ./_debug/storage_manager.o
                0x00031110                inv_register_load_store
 .text.drv_audio_coder_encode
                0x000311d0       0x38 ./_debug/drv_audio_coder_adpcm.o
                0x000311d0                drv_audio_coder_encode
 .text.drv_audio_enable
                0x00031208       0x18 ./_debug/drv_audio_pdm.o
                0x00031208                drv_audio_enable
 .text.drv_audio_disable
                0x00031220       0x10 ./_debug/drv_audio_pdm.o
                0x00031220                drv_audio_disable
 .text.drv_audio_pdm_event_handler
                0x00031230       0x3c ./_debug/drv_audio_pdm.o
 .text.drv_audio_init
                0x0003126c       0x60 ./_debug/drv_audio_pdm.o
                0x0003126c                drv_audio_init
 .text.NVIC_ClearPendingIRQ
                0x000312cc       0x34 ./_debug/main.o
 .text.NVIC_SystemReset
                0x00031300       0x28 ./_debug/main.o
 .text.sd_power_system_off
                0x00031328        0x8 ./_debug/main.o
 .text.sd_app_evt_wait
                0x00031330        0x8 ./_debug/main.o
 .text.nrf_gpio_pin_port_decode
                0x00031338       0x18 ./_debug/main.o
 .text.nrf_gpio_cfg
                0x00031350       0x50 ./_debug/main.o
 .text.nrf_gpio_cfg_sense_input
                0x000313a0       0x2c ./_debug/main.o
 .text.nrf_delay_us
                0x000313cc       0xa8 ./_debug/main.o
 .text.nrf_delay_ms
                0x00031474       0x20 ./_debug/main.o
 .text.app_error_fault_handler
                0x00031494       0x70 ./_debug/main.o
                0x00031494                app_error_fault_handler
 .text.sleep_mode_enter
                0x00031504       0xb4 ./_debug/main.o
 .text.power_manage
                0x000315b8       0x4c ./_debug/main.o
 .text.m_batt_meas_handler
                0x00031604       0xac ./_debug/main.o
 .text.thingy_ble_evt_handler
                0x000316b0       0x5c ./_debug/main.o
 .text.thingy_init
                0x0003170c      0x1fc ./_debug/main.o
 .text.board_init
                0x00031908       0x40 ./_debug/main.o
 .text.main     0x00031948       0x88 ./_debug/main.o
                0x00031948                main
 .text.sd_ble_gatts_service_add
                0x000319d0        0x8 ./_debug/ble_tcs.o
 .text.sd_ble_gatts_characteristic_add
                0x000319d8        0x8 ./_debug/ble_tcs.o
 .text.sd_ble_gatts_value_set
                0x000319e0        0x8 ./_debug/ble_tcs.o
 .text.sd_ble_gatts_rw_authorize_reply
                0x000319e8        0x8 ./_debug/ble_tcs.o
 .text.sd_ble_uuid_vs_add
                0x000319f0        0x8 ./_debug/ble_tcs.o
 .text.on_connect
                0x000319f8       0x20 ./_debug/ble_tcs.o
 .text.on_disconnect
                0x00031a18       0x20 ./_debug/ble_tcs.o
 .text.on_authorize_req
                0x00031a38      0x2b4 ./_debug/ble_tcs.o
 .text.device_name_char_add
                0x00031cec      0x104 ./_debug/ble_tcs.o
 .text.adv_params_char_add
                0x00031df0      0x100 ./_debug/ble_tcs.o
 .text.conn_params_char_add
                0x00031ef0      0x100 ./_debug/ble_tcs.o
 .text.beacon_data_char_add
                0x00031ff0      0x108 ./_debug/ble_tcs.o
 .text.token_data_char_add
                0x000320f8      0x108 ./_debug/ble_tcs.o
 .text.fw_version_char_add
                0x00032200       0xd8 ./_debug/ble_tcs.o
 .text.mtu_char_add
                0x000322d8      0x104 ./_debug/ble_tcs.o
 .text.nfc_char_add
                0x000323dc      0x10c ./_debug/ble_tcs.o
 .text.ble_tcs_on_ble_evt
                0x000324e8       0x50 ./_debug/ble_tcs.o
                0x000324e8                ble_tcs_on_ble_evt
 .text.ble_tcs_init
                0x00032538      0x134 ./_debug/ble_tcs.o
                0x00032538                ble_tcs_init
 .text.ble_tcs_mtu_set
                0x0003266c       0x58 ./_debug/ble_tcs.o
                0x0003266c                ble_tcs_mtu_set
 .text.ble_tcs_nfc_set
                0x000326c4       0x48 ./_debug/ble_tcs.o
                0x000326c4                ble_tcs_nfc_set
 .text.sd_ble_gatts_service_add
                0x0003270c        0x8 ./_debug/ble_tes.o
 .text.sd_ble_gatts_characteristic_add
                0x00032714        0x8 ./_debug/ble_tes.o
 .text.sd_ble_gatts_hvx
                0x0003271c        0x8 ./_debug/ble_tes.o
 .text.sd_ble_gatts_rw_authorize_reply
                0x00032724        0x8 ./_debug/ble_tes.o
 .text.sd_ble_uuid_vs_add
                0x0003272c        0x8 ./_debug/ble_tes.o
 .text.on_connect
                0x00032734       0x1c ./_debug/ble_tes.o
 .text.on_disconnect
                0x00032750       0x1c ./_debug/ble_tes.o
 .text.on_write
                0x0003276c      0x1c4 ./_debug/ble_tes.o
 .text.on_authorize_req
                0x00032930      0x148 ./_debug/ble_tes.o
 .text.temperature_char_add
                0x00032a78      0x134 ./_debug/ble_tes.o
 .text.pressure_char_add
                0x00032bac      0x134 ./_debug/ble_tes.o
 .text.humidity_char_add
                0x00032ce0      0x134 ./_debug/ble_tes.o
 .text.gas_char_add
                0x00032e14      0x134 ./_debug/ble_tes.o
 .text.color_char_add
                0x00032f48      0x134 ./_debug/ble_tes.o
 .text.config_char_add
                0x0003307c      0x100 ./_debug/ble_tes.o
 .text.ble_tes_on_ble_evt
                0x0003317c       0x64 ./_debug/ble_tes.o
                0x0003317c                ble_tes_on_ble_evt
 .text.ble_tes_init
                0x000331e0      0x120 ./_debug/ble_tes.o
                0x000331e0                ble_tes_init
 .text.ble_tes_temperature_set
                0x00033300       0x80 ./_debug/ble_tes.o
                0x00033300                ble_tes_temperature_set
 .text.ble_tes_pressure_set
                0x00033380       0x80 ./_debug/ble_tes.o
                0x00033380                ble_tes_pressure_set
 .text.ble_tes_humidity_set
                0x00033400       0x80 ./_debug/ble_tes.o
                0x00033400                ble_tes_humidity_set
 .text.ble_tes_gas_set
                0x00033480       0x80 ./_debug/ble_tes.o
                0x00033480                ble_tes_gas_set
 .text.ble_tes_color_set
                0x00033500       0x80 ./_debug/ble_tes.o
                0x00033500                ble_tes_color_set
 .text.sd_ble_gatts_service_add
                0x00033580        0x8 ./_debug/ble_tms.o
 .text.sd_ble_gatts_characteristic_add
                0x00033588        0x8 ./_debug/ble_tms.o
 .text.sd_ble_gatts_hvx
                0x00033590        0x8 ./_debug/ble_tms.o
 .text.sd_ble_gatts_rw_authorize_reply
                0x00033598        0x8 ./_debug/ble_tms.o
 .text.sd_ble_uuid_vs_add
                0x000335a0        0x8 ./_debug/ble_tms.o
 .text.on_connect
                0x000335a8       0x20 ./_debug/ble_tms.o
 .text.on_disconnect
                0x000335c8       0x20 ./_debug/ble_tms.o
 .text.on_write
                0x000335e8      0x320 ./_debug/ble_tms.o
 .text.on_authorize_req
                0x00033908      0x13c ./_debug/ble_tms.o
 .text.tap_char_add
                0x00033a44      0x138 ./_debug/ble_tms.o
 .text.orientation_char_add
                0x00033b7c      0x138 ./_debug/ble_tms.o
 .text.quat_char_add
                0x00033cb4      0x154 ./_debug/ble_tms.o
 .text.raw_char_add
                0x00033e08      0x144 ./_debug/ble_tms.o
 .text.euler_char_add
                0x00033f4c      0x14c ./_debug/ble_tms.o
 .text.rot_mat_char_add
                0x00034098      0x144 ./_debug/ble_tms.o
 .text.heading_char_add
                0x000341dc      0x138 ./_debug/ble_tms.o
 .text.gravity_char_add
                0x00034314      0x14c ./_debug/ble_tms.o
 .text.pedo_char_add
                0x00034460      0x13c ./_debug/ble_tms.o
 .text.config_char_add
                0x0003459c      0x100 ./_debug/ble_tms.o
 .text.ble_tms_on_ble_evt
                0x0003469c       0x64 ./_debug/ble_tms.o
                0x0003469c                ble_tms_on_ble_evt
 .text.ble_tms_init
                0x00034700      0x1a4 ./_debug/ble_tms.o
                0x00034700                ble_tms_init
 .text.ble_tms_tap_set
                0x000348a4       0x84 ./_debug/ble_tms.o
                0x000348a4                ble_tms_tap_set
 .text.ble_tms_orientation_set
                0x00034928       0x84 ./_debug/ble_tms.o
                0x00034928                ble_tms_orientation_set
 .text.ble_tms_quat_set
                0x000349ac       0x84 ./_debug/ble_tms.o
                0x000349ac                ble_tms_quat_set
 .text.ble_tms_pedo_set
                0x00034a30       0x84 ./_debug/ble_tms.o
                0x00034a30                ble_tms_pedo_set
 .text.ble_tms_raw_set
                0x00034ab4       0x84 ./_debug/ble_tms.o
                0x00034ab4                ble_tms_raw_set
 .text.ble_tms_euler_set
                0x00034b38       0x84 ./_debug/ble_tms.o
                0x00034b38                ble_tms_euler_set
 .text.ble_tms_rot_mat_set
                0x00034bbc       0x84 ./_debug/ble_tms.o
                0x00034bbc                ble_tms_rot_mat_set
 .text.ble_tms_heading_set
                0x00034c40       0x84 ./_debug/ble_tms.o
                0x00034c40                ble_tms_heading_set
 .text.ble_tms_gravity_set
                0x00034cc4       0x84 ./_debug/ble_tms.o
                0x00034cc4                ble_tms_gravity_set
 .text.sd_ble_gatts_service_add
                0x00034d48        0x8 ./_debug/ble_tss.o
 .text.sd_ble_gatts_characteristic_add